17:18:24 **** Build of project hw_bsp ****
make -k all 
make[1]: Entering directory `/users/students/r0767980/Documents/DDP/SW/SW2/package/sw_project/project_sw/hw_bsp'
Running Make include in ps7_cortexa9_0/libsrc/dmaps_v2_3/src
make -C ps7_cortexa9_0/libsrc/dmaps_v2_3/src -s include  "SHELL=/bin/sh" "COMPILER=arm-none-eabi-gcc" "ARCHIVER=arm-none-eabi-ar" "COMPILER_FLAGS=  -O2 -c" "EXTRA_COMPILER_FLAGS=-mcpu=cortex-a9 -mfpu=vfpv3 -mfloat-abi=hard -nostartfiles -g -Wall -Wextra"
make[2]: Entering directory `/users/students/r0767980/Documents/DDP/SW/SW2/package/sw_project/project_sw/hw_bsp/ps7_cortexa9_0/libsrc/dmaps_v2_3/src'
make[2]: Leaving directory `/users/students/r0767980/Documents/DDP/SW/SW2/package/sw_project/project_sw/hw_bsp/ps7_cortexa9_0/libsrc/dmaps_v2_3/src'
Running Make include in ps7_cortexa9_0/libsrc/ddrps_v1_0/src
make -C ps7_cortexa9_0/libsrc/ddrps_v1_0/src -s include  "SHELL=/bin/sh" "COMPILER=arm-none-eabi-gcc" "ARCHIVER=arm-none-eabi-ar" "COMPILER_FLAGS=  -O2 -c" "EXTRA_COMPILER_FLAGS=-mcpu=cortex-a9 -mfpu=vfpv3 -mfloat-abi=hard -nostartfiles -g -Wall -Wextra"
make[2]: Entering directory `/users/students/r0767980/Documents/DDP/SW/SW2/package/sw_project/project_sw/hw_bsp/ps7_cortexa9_0/libsrc/ddrps_v1_0/src'
make[2]: Leaving directory `/users/students/r0767980/Documents/DDP/SW/SW2/package/sw_project/project_sw/hw_bsp/ps7_cortexa9_0/libsrc/ddrps_v1_0/src'
Running Make include in ps7_cortexa9_0/libsrc/qspips_v3_4/src
make -C ps7_cortexa9_0/libsrc/qspips_v3_4/src -s include  "SHELL=/bin/sh" "COMPILER=arm-none-eabi-gcc" "ARCHIVER=arm-none-eabi-ar" "COMPILER_FLAGS=  -O2 -c" "EXTRA_COMPILER_FLAGS=-mcpu=cortex-a9 -mfpu=vfpv3 -mfloat-abi=hard -nostartfiles -g -Wall -Wextra"
make[2]: Entering directory `/users/students/r0767980/Documents/DDP/SW/SW2/package/sw_project/project_sw/hw_bsp/ps7_cortexa9_0/libsrc/qspips_v3_4/src'
make[2]: Leaving directory `/users/students/r0767980/Documents/DDP/SW/SW2/package/sw_project/project_sw/hw_bsp/ps7_cortexa9_0/libsrc/qspips_v3_4/src'
Running Make include in ps7_cortexa9_0/libsrc/standalone_v6_7/src
make -C ps7_cortexa9_0/libsrc/standalone_v6_7/src -s include  "SHELL=/bin/sh" "COMPILER=arm-none-eabi-gcc" "ARCHIVER=arm-none-eabi-ar" "COMPILER_FLAGS=  -O2 -c" "EXTRA_COMPILER_FLAGS=-mcpu=cortex-a9 -mfpu=vfpv3 -mfloat-abi=hard -nostartfiles -g -Wall -Wextra"
make[2]: Entering directory `/users/students/r0767980/Documents/DDP/SW/SW2/package/sw_project/project_sw/hw_bsp/ps7_cortexa9_0/libsrc/standalone_v6_7/src'
make[3]: Entering directory `/users/students/r0767980/Documents/DDP/SW/SW2/package/sw_project/project_sw/hw_bsp/ps7_cortexa9_0/libsrc/standalone_v6_7/src/profile'
make[3]: Leaving directory `/users/students/r0767980/Documents/DDP/SW/SW2/package/sw_project/project_sw/hw_bsp/ps7_cortexa9_0/libsrc/standalone_v6_7/src/profile'
make[2]: Leaving directory `/users/students/r0767980/Documents/DDP/SW/SW2/package/sw_project/project_sw/hw_bsp/ps7_cortexa9_0/libsrc/standalone_v6_7/src'
Running Make include in ps7_cortexa9_0/libsrc/gpiops_v3_3/src
make -C ps7_cortexa9_0/libsrc/gpiops_v3_3/src -s include  "SHELL=/bin/sh" "COMPILER=arm-none-eabi-gcc" "ARCHIVER=arm-none-eabi-ar" "COMPILER_FLAGS=  -O2 -c" "EXTRA_COMPILER_FLAGS=-mcpu=cortex-a9 -mfpu=vfpv3 -mfloat-abi=hard -nostartfiles -g -Wall -Wextra"
make[2]: Entering directory `/users/students/r0767980/Documents/DDP/SW/SW2/package/sw_project/project_sw/hw_bsp/ps7_cortexa9_0/libsrc/gpiops_v3_3/src'
make[2]: Leaving directory `/users/students/r0767980/Documents/DDP/SW/SW2/package/sw_project/project_sw/hw_bsp/ps7_cortexa9_0/libsrc/gpiops_v3_3/src'
Running Make include in ps7_cortexa9_0/libsrc/emacps_v3_7/src
make -C ps7_cortexa9_0/libsrc/emacps_v3_7/src -s include  "SHELL=/bin/sh" "COMPILER=arm-none-eabi-gcc" "ARCHIVER=arm-none-eabi-ar" "COMPILER_FLAGS=  -O2 -c" "EXTRA_COMPILER_FLAGS=-mcpu=cortex-a9 -mfpu=vfpv3 -mfloat-abi=hard -nostartfiles -g -Wall -Wextra"
make[2]: Entering directory `/users/students/r0767980/Documents/DDP/SW/SW2/package/sw_project/project_sw/hw_bsp/ps7_cortexa9_0/libsrc/emacps_v3_7/src'
make[2]: Leaving directory `/users/students/r0767980/Documents/DDP/SW/SW2/package/sw_project/project_sw/hw_bsp/ps7_cortexa9_0/libsrc/emacps_v3_7/src'
Running Make include in ps7_cortexa9_0/libsrc/devcfg_v3_5/src
make -C ps7_cortexa9_0/libsrc/devcfg_v3_5/src -s include  "SHELL=/bin/sh" "COMPILER=arm-none-eabi-gcc" "ARCHIVER=arm-none-eabi-ar" "COMPILER_FLAGS=  -O2 -c" "EXTRA_COMPILER_FLAGS=-mcpu=cortex-a9 -mfpu=vfpv3 -mfloat-abi=hard -nostartfiles -g -Wall -Wextra"
make[2]: Entering directory `/users/students/r0767980/Documents/DDP/SW/SW2/package/sw_project/project_sw/hw_bsp/ps7_cortexa9_0/libsrc/devcfg_v3_5/src'
make[2]: Leaving directory `/users/students/r0767980/Documents/DDP/SW/SW2/package/sw_project/project_sw/hw_bsp/ps7_cortexa9_0/libsrc/devcfg_v3_5/src'
Running Make include in ps7_cortexa9_0/libsrc/scugic_v3_9/src
make -C ps7_cortexa9_0/libsrc/scugic_v3_9/src -s include  "SHELL=/bin/sh" "COMPILER=arm-none-eabi-gcc" "ARCHIVER=arm-none-eabi-ar" "COMPILER_FLAGS=  -O2 -c" "EXTRA_COMPILER_FLAGS=-mcpu=cortex-a9 -mfpu=vfpv3 -mfloat-abi=hard -nostartfiles -g -Wall -Wextra"
make[2]: Entering directory `/users/students/r0767980/Documents/DDP/SW/SW2/package/sw_project/project_sw/hw_bsp/ps7_cortexa9_0/libsrc/scugic_v3_9/src'
make[2]: Leaving directory `/users/students/r0767980/Documents/DDP/SW/SW2/package/sw_project/project_sw/hw_bsp/ps7_cortexa9_0/libsrc/scugic_v3_9/src'
Running Make include in ps7_cortexa9_0/libsrc/uartps_v3_6/src
make -C ps7_cortexa9_0/libsrc/uartps_v3_6/src -s include  "SHELL=/bin/sh" "COMPILER=arm-none-eabi-gcc" "ARCHIVER=arm-none-eabi-ar" "COMPILER_FLAGS=  -O2 -c" "EXTRA_COMPILER_FLAGS=-mcpu=cortex-a9 -mfpu=vfpv3 -mfloat-abi=hard -nostartfiles -g -Wall -Wextra"
make[2]: Entering directory `/users/students/r0767980/Documents/DDP/SW/SW2/package/sw_project/project_sw/hw_bsp/ps7_cortexa9_0/libsrc/uartps_v3_6/src'
make[2]: Leaving directory `/users/students/r0767980/Documents/DDP/SW/SW2/package/sw_project/project_sw/hw_bsp/ps7_cortexa9_0/libsrc/uartps_v3_6/src'
Running Make include in ps7_cortexa9_0/libsrc/axidma_v9_7/src
make -C ps7_cortexa9_0/libsrc/axidma_v9_7/src -s include  "SHELL=/bin/sh" "COMPILER=arm-none-eabi-gcc" "ARCHIVER=arm-none-eabi-ar" "COMPILER_FLAGS=  -O2 -c" "EXTRA_COMPILER_FLAGS=-mcpu=cortex-a9 -mfpu=vfpv3 -mfloat-abi=hard -nostartfiles -g -Wall -Wextra"
make[2]: Entering directory `/users/students/r0767980/Documents/DDP/SW/SW2/package/sw_project/project_sw/hw_bsp/ps7_cortexa9_0/libsrc/axidma_v9_7/src'
make[2]: Leaving directory `/users/students/r0767980/Documents/DDP/SW/SW2/package/sw_project/project_sw/hw_bsp/ps7_cortexa9_0/libsrc/axidma_v9_7/src'
Running Make include in ps7_cortexa9_0/libsrc/xadcps_v2_2/src
make -C ps7_cortexa9_0/libsrc/xadcps_v2_2/src -s include  "SHELL=/bin/sh" "COMPILER=arm-none-eabi-gcc" "ARCHIVER=arm-none-eabi-ar" "COMPILER_FLAGS=  -O2 -c" "EXTRA_COMPILER_FLAGS=-mcpu=cortex-a9 -mfpu=vfpv3 -mfloat-abi=hard -nostartfiles -g -Wall -Wextra"
make[2]: Entering directory `/users/students/r0767980/Documents/DDP/SW/SW2/package/sw_project/project_sw/hw_bsp/ps7_cortexa9_0/libsrc/xadcps_v2_2/src'
make[2]: Leaving directory `/users/students/r0767980/Documents/DDP/SW/SW2/package/sw_project/project_sw/hw_bsp/ps7_cortexa9_0/libsrc/xadcps_v2_2/src'
Running Make include in ps7_cortexa9_0/libsrc/cpu_cortexa9_v2_6/src
make -C ps7_cortexa9_0/libsrc/cpu_cortexa9_v2_6/src -s include  "SHELL=/bin/sh" "COMPILER=arm-none-eabi-gcc" "ARCHIVER=arm-none-eabi-ar" "COMPILER_FLAGS=  -O2 -c" "EXTRA_COMPILER_FLAGS=-mcpu=cortex-a9 -mfpu=vfpv3 -mfloat-abi=hard -nostartfiles -g -Wall -Wextra"
make[2]: Entering directory `/users/students/r0767980/Documents/DDP/SW/SW2/package/sw_project/project_sw/hw_bsp/ps7_cortexa9_0/libsrc/cpu_cortexa9_v2_6/src'
make[2]: Leaving directory `/users/students/r0767980/Documents/DDP/SW/SW2/package/sw_project/project_sw/hw_bsp/ps7_cortexa9_0/libsrc/cpu_cortexa9_v2_6/src'
Running Make include in ps7_cortexa9_0/libsrc/scuwdt_v2_1/src
make -C ps7_cortexa9_0/libsrc/scuwdt_v2_1/src -s include  "SHELL=/bin/sh" "COMPILER=arm-none-eabi-gcc" "ARCHIVER=arm-none-eabi-ar" "COMPILER_FLAGS=  -O2 -c" "EXTRA_COMPILER_FLAGS=-mcpu=cortex-a9 -mfpu=vfpv3 -mfloat-abi=hard -nostartfiles -g -Wall -Wextra"
make[2]: Entering directory `/users/students/r0767980/Documents/DDP/SW/SW2/package/sw_project/project_sw/hw_bsp/ps7_cortexa9_0/libsrc/scuwdt_v2_1/src'
make[2]: Leaving directory `/users/students/r0767980/Documents/DDP/SW/SW2/package/sw_project/project_sw/hw_bsp/ps7_cortexa9_0/libsrc/scuwdt_v2_1/src'
Running Make include in ps7_cortexa9_0/libsrc/ttcps_v3_6/src
make -C ps7_cortexa9_0/libsrc/ttcps_v3_6/src -s include  "SHELL=/bin/sh" "COMPILER=arm-none-eabi-gcc" "ARCHIVER=arm-none-eabi-ar" "COMPILER_FLAGS=  -O2 -c" "EXTRA_COMPILER_FLAGS=-mcpu=cortex-a9 -mfpu=vfpv3 -mfloat-abi=hard -nostartfiles -g -Wall -Wextra"
make[2]: Entering directory `/users/students/r0767980/Documents/DDP/SW/SW2/package/sw_project/project_sw/hw_bsp/ps7_cortexa9_0/libsrc/ttcps_v3_6/src'
make[2]: Leaving directory `/users/students/r0767980/Documents/DDP/SW/SW2/package/sw_project/project_sw/hw_bsp/ps7_cortexa9_0/libsrc/ttcps_v3_6/src'
Running Make include in ps7_cortexa9_0/libsrc/sdps_v3_5/src
make -C ps7_cortexa9_0/libsrc/sdps_v3_5/src -s include  "SHELL=/bin/sh" "COMPILER=arm-none-eabi-gcc" "ARCHIVER=arm-none-eabi-ar" "COMPILER_FLAGS=  -O2 -c" "EXTRA_COMPILER_FLAGS=-mcpu=cortex-a9 -mfpu=vfpv3 -mfloat-abi=hard -nostartfiles -g -Wall -Wextra"
make[2]: Entering directory `/users/students/r0767980/Documents/DDP/SW/SW2/package/sw_project/project_sw/hw_bsp/ps7_cortexa9_0/libsrc/sdps_v3_5/src'
make[2]: Leaving directory `/users/students/r0767980/Documents/DDP/SW/SW2/package/sw_project/project_sw/hw_bsp/ps7_cortexa9_0/libsrc/sdps_v3_5/src'
Running Make include in ps7_cortexa9_0/libsrc/usbps_v2_4/src
make -C ps7_cortexa9_0/libsrc/usbps_v2_4/src -s include  "SHELL=/bin/sh" "COMPILER=arm-none-eabi-gcc" "ARCHIVER=arm-none-eabi-ar" "COMPILER_FLAGS=  -O2 -c" "EXTRA_COMPILER_FLAGS=-mcpu=cortex-a9 -mfpu=vfpv3 -mfloat-abi=hard -nostartfiles -g -Wall -Wextra"
make[2]: Entering directory `/users/students/r0767980/Documents/DDP/SW/SW2/package/sw_project/project_sw/hw_bsp/ps7_cortexa9_0/libsrc/usbps_v2_4/src'
make[2]: Leaving directory `/users/students/r0767980/Documents/DDP/SW/SW2/package/sw_project/project_sw/hw_bsp/ps7_cortexa9_0/libsrc/usbps_v2_4/src'
Running Make include in ps7_cortexa9_0/libsrc/coresightps_dcc_v1_4/src
make -C ps7_cortexa9_0/libsrc/coresightps_dcc_v1_4/src -s include  "SHELL=/bin/sh" "COMPILER=arm-none-eabi-gcc" "ARCHIVER=arm-none-eabi-ar" "COMPILER_FLAGS=  -O2 -c" "EXTRA_COMPILER_FLAGS=-mcpu=cortex-a9 -mfpu=vfpv3 -mfloat-abi=hard -nostartfiles -g -Wall -Wextra"
make[2]: Entering directory `/users/students/r0767980/Documents/DDP/SW/SW2/package/sw_project/project_sw/hw_bsp/ps7_cortexa9_0/libsrc/coresightps_dcc_v1_4/src'
make[2]: Leaving directory `/users/students/r0767980/Documents/DDP/SW/SW2/package/sw_project/project_sw/hw_bsp/ps7_cortexa9_0/libsrc/coresightps_dcc_v1_4/src'
Running Make include in ps7_cortexa9_0/libsrc/scutimer_v2_1/src
make -C ps7_cortexa9_0/libsrc/scutimer_v2_1/src -s include  "SHELL=/bin/sh" "COMPILER=arm-none-eabi-gcc" "ARCHIVER=arm-none-eabi-ar" "COMPILER_FLAGS=  -O2 -c" "EXTRA_COMPILER_FLAGS=-mcpu=cortex-a9 -mfpu=vfpv3 -mfloat-abi=hard -nostartfiles -g -Wall -Wextra"
make[2]: Entering directory `/users/students/r0767980/Documents/DDP/SW/SW2/package/sw_project/project_sw/hw_bsp/ps7_cortexa9_0/libsrc/scutimer_v2_1/src'
make[2]: Leaving directory `/users/students/r0767980/Documents/DDP/SW/SW2/package/sw_project/project_sw/hw_bsp/ps7_cortexa9_0/libsrc/scutimer_v2_1/src'
Running Make libs in ps7_cortexa9_0/libsrc/dmaps_v2_3/src
make -C ps7_cortexa9_0/libsrc/dmaps_v2_3/src -s libs  "SHELL=/bin/sh" "COMPILER=arm-none-eabi-gcc" "ARCHIVER=arm-none-eabi-ar" "COMPILER_FLAGS=  -O2 -c" "EXTRA_COMPILER_FLAGS=-mcpu=cortex-a9 -mfpu=vfpv3 -mfloat-abi=hard -nostartfiles -g -Wall -Wextra"
make[2]: Entering directory `/users/students/r0767980/Documents/DDP/SW/SW2/package/sw_project/project_sw/hw_bsp/ps7_cortexa9_0/libsrc/dmaps_v2_3/src'
Compiling dmaps
arm-none-eabi-ar: creating ../../../lib/libxil.a
make[2]: Leaving directory `/users/students/r0767980/Documents/DDP/SW/SW2/package/sw_project/project_sw/hw_bsp/ps7_cortexa9_0/libsrc/dmaps_v2_3/src'
Running Make libs in ps7_cortexa9_0/libsrc/ddrps_v1_0/src
make -C ps7_cortexa9_0/libsrc/ddrps_v1_0/src -s libs  "SHELL=/bin/sh" "COMPILER=arm-none-eabi-gcc" "ARCHIVER=arm-none-eabi-ar" "COMPILER_FLAGS=  -O2 -c" "EXTRA_COMPILER_FLAGS=-mcpu=cortex-a9 -mfpu=vfpv3 -mfloat-abi=hard -nostartfiles -g -Wall -Wextra"
make[2]: Entering directory `/users/students/r0767980/Documents/DDP/SW/SW2/package/sw_project/project_sw/hw_bsp/ps7_cortexa9_0/libsrc/ddrps_v1_0/src'
Compiling ddrps
make[2]: Leaving directory `/users/students/r0767980/Documents/DDP/SW/SW2/package/sw_project/project_sw/hw_bsp/ps7_cortexa9_0/libsrc/ddrps_v1_0/src'
Running Make libs in ps7_cortexa9_0/libsrc/qspips_v3_4/src
make -C ps7_cortexa9_0/libsrc/qspips_v3_4/src -s libs  "SHELL=/bin/sh" "COMPILER=arm-none-eabi-gcc" "ARCHIVER=arm-none-eabi-ar" "COMPILER_FLAGS=  -O2 -c" "EXTRA_COMPILER_FLAGS=-mcpu=cortex-a9 -mfpu=vfpv3 -mfloat-abi=hard -nostartfiles -g -Wall -Wextra"
make[2]: Entering directory `/users/students/r0767980/Documents/DDP/SW/SW2/package/sw_project/project_sw/hw_bsp/ps7_cortexa9_0/libsrc/qspips_v3_4/src'
Compiling qspips
make[2]: Leaving directory `/users/students/r0767980/Documents/DDP/SW/SW2/package/sw_project/project_sw/hw_bsp/ps7_cortexa9_0/libsrc/qspips_v3_4/src'
Running Make libs in ps7_cortexa9_0/libsrc/standalone_v6_7/src
make -C ps7_cortexa9_0/libsrc/standalone_v6_7/src -s libs  "SHELL=/bin/sh" "COMPILER=arm-none-eabi-gcc" "ARCHIVER=arm-none-eabi-ar" "COMPILER_FLAGS=  -O2 -c" "EXTRA_COMPILER_FLAGS=-mcpu=cortex-a9 -mfpu=vfpv3 -mfloat-abi=hard -nostartfiles -g -Wall -Wextra"
make[2]: Entering directory `/users/students/r0767980/Documents/DDP/SW/SW2/package/sw_project/project_sw/hw_bsp/ps7_cortexa9_0/libsrc/standalone_v6_7/src'
Compiling standalone
In file included from xtime_l.c:53:0:
xtime_l.h:89:9: note: #pragma message: For the sleep routines, Global timer is being used
 #pragma message ("For the sleep routines, Global timer is being used")
         ^~~~~~~
In file included from sleep.c:57:0:
xtime_l.h:89:9: note: #pragma message: For the sleep routines, Global timer is being used
 #pragma message ("For the sleep routines, Global timer is being used")
         ^~~~~~~
In file included from xil_sleeptimer.c:55:0:
xtime_l.h:89:9: note: #pragma message: For the sleep routines, Global timer is being used
 #pragma message ("For the sleep routines, Global timer is being used")
         ^~~~~~~
In file included from usleep.c:60:0:
xtime_l.h:89:9: note: #pragma message: For the sleep routines, Global timer is being used
 #pragma message ("For the sleep routines, Global timer is being used")
         ^~~~~~~
make[2]: Leaving directory `/users/students/r0767980/Documents/DDP/SW/SW2/package/sw_project/project_sw/hw_bsp/ps7_cortexa9_0/libsrc/standalone_v6_7/src'
Running Make libs in ps7_cortexa9_0/libsrc/gpiops_v3_3/src
make -C ps7_cortexa9_0/libsrc/gpiops_v3_3/src -s libs  "SHELL=/bin/sh" "COMPILER=arm-none-eabi-gcc" "ARCHIVER=arm-none-eabi-ar" "COMPILER_FLAGS=  -O2 -c" "EXTRA_COMPILER_FLAGS=-mcpu=cortex-a9 -mfpu=vfpv3 -mfloat-abi=hard -nostartfiles -g -Wall -Wextra"
make[2]: Entering directory `/users/students/r0767980/Documents/DDP/SW/SW2/package/sw_project/project_sw/hw_bsp/ps7_cortexa9_0/libsrc/gpiops_v3_3/src'
Compiling gpiops
make[2]: Leaving directory `/users/students/r0767980/Documents/DDP/SW/SW2/package/sw_project/project_sw/hw_bsp/ps7_cortexa9_0/libsrc/gpiops_v3_3/src'
Running Make libs in ps7_cortexa9_0/libsrc/emacps_v3_7/src
make -C ps7_cortexa9_0/libsrc/emacps_v3_7/src -s libs  "SHELL=/bin/sh" "COMPILER=arm-none-eabi-gcc" "ARCHIVER=arm-none-eabi-ar" "COMPILER_FLAGS=  -O2 -c" "EXTRA_COMPILER_FLAGS=-mcpu=cortex-a9 -mfpu=vfpv3 -mfloat-abi=hard -nostartfiles -g -Wall -Wextra"
make[2]: Entering directory `/users/students/r0767980/Documents/DDP/SW/SW2/package/sw_project/project_sw/hw_bsp/ps7_cortexa9_0/libsrc/emacps_v3_7/src'
Compiling emacps
make[2]: Leaving directory `/users/students/r0767980/Documents/DDP/SW/SW2/package/sw_project/project_sw/hw_bsp/ps7_cortexa9_0/libsrc/emacps_v3_7/src'
Running Make libs in ps7_cortexa9_0/libsrc/devcfg_v3_5/src
make -C ps7_cortexa9_0/libsrc/devcfg_v3_5/src -s libs  "SHELL=/bin/sh" "COMPILER=arm-none-eabi-gcc" "ARCHIVER=arm-none-eabi-ar" "COMPILER_FLAGS=  -O2 -c" "EXTRA_COMPILER_FLAGS=-mcpu=cortex-a9 -mfpu=vfpv3 -mfloat-abi=hard -nostartfiles -g -Wall -Wextra"
make[2]: Entering directory `/users/students/r0767980/Documents/DDP/SW/SW2/package/sw_project/project_sw/hw_bsp/ps7_cortexa9_0/libsrc/devcfg_v3_5/src'
Compiling devcfg
make[2]: Leaving directory `/users/students/r0767980/Documents/DDP/SW/SW2/package/sw_project/project_sw/hw_bsp/ps7_cortexa9_0/libsrc/devcfg_v3_5/src'
Running Make libs in ps7_cortexa9_0/libsrc/scugic_v3_9/src
make -C ps7_cortexa9_0/libsrc/scugic_v3_9/src -s libs  "SHELL=/bin/sh" "COMPILER=arm-none-eabi-gcc" "ARCHIVER=arm-none-eabi-ar" "COMPILER_FLAGS=  -O2 -c" "EXTRA_COMPILER_FLAGS=-mcpu=cortex-a9 -mfpu=vfpv3 -mfloat-abi=hard -nostartfiles -g -Wall -Wextra"
make[2]: Entering directory `/users/students/r0767980/Documents/DDP/SW/SW2/package/sw_project/project_sw/hw_bsp/ps7_cortexa9_0/libsrc/scugic_v3_9/src'
Compiling scugic
make[2]: Leaving directory `/users/students/r0767980/Documents/DDP/SW/SW2/package/sw_project/project_sw/hw_bsp/ps7_cortexa9_0/libsrc/scugic_v3_9/src'
Running Make libs in ps7_cortexa9_0/libsrc/uartps_v3_6/src
make -C ps7_cortexa9_0/libsrc/uartps_v3_6/src -s libs  "SHELL=/bin/sh" "COMPILER=arm-none-eabi-gcc" "ARCHIVER=arm-none-eabi-ar" "COMPILER_FLAGS=  -O2 -c" "EXTRA_COMPILER_FLAGS=-mcpu=cortex-a9 -mfpu=vfpv3 -mfloat-abi=hard -nostartfiles -g -Wall -Wextra"
make[2]: Entering directory `/users/students/r0767980/Documents/DDP/SW/SW2/package/sw_project/project_sw/hw_bsp/ps7_cortexa9_0/libsrc/uartps_v3_6/src'
Compiling uartps
make[2]: Leaving directory `/users/students/r0767980/Documents/DDP/SW/SW2/package/sw_project/project_sw/hw_bsp/ps7_cortexa9_0/libsrc/uartps_v3_6/src'
Running Make libs in ps7_cortexa9_0/libsrc/axidma_v9_7/src
make -C ps7_cortexa9_0/libsrc/axidma_v9_7/src -s libs  "SHELL=/bin/sh" "COMPILER=arm-none-eabi-gcc" "ARCHIVER=arm-none-eabi-ar" "COMPILER_FLAGS=  -O2 -c" "EXTRA_COMPILER_FLAGS=-mcpu=cortex-a9 -mfpu=vfpv3 -mfloat-abi=hard -nostartfiles -g -Wall -Wextra"
make[2]: Entering directory `/users/students/r0767980/Documents/DDP/SW/SW2/package/sw_project/project_sw/hw_bsp/ps7_cortexa9_0/libsrc/axidma_v9_7/src'
Compiling axidma
make[3]: Entering directory `/users/students/r0767980/Documents/DDP/SW/SW2/package/sw_project/project_sw/hw_bsp/ps7_cortexa9_0/libsrc/axidma_v9_7/src'
make[3]: Leaving directory `/users/students/r0767980/Documents/DDP/SW/SW2/package/sw_project/project_sw/hw_bsp/ps7_cortexa9_0/libsrc/axidma_v9_7/src'
make[2]: Leaving directory `/users/students/r0767980/Documents/DDP/SW/SW2/package/sw_project/project_sw/hw_bsp/ps7_cortexa9_0/libsrc/axidma_v9_7/src'
Running Make libs in ps7_cortexa9_0/libsrc/xadcps_v2_2/src
make -C ps7_cortexa9_0/libsrc/xadcps_v2_2/src -s libs  "SHELL=/bin/sh" "COMPILER=arm-none-eabi-gcc" "ARCHIVER=arm-none-eabi-ar" "COMPILER_FLAGS=  -O2 -c" "EXTRA_COMPILER_FLAGS=-mcpu=cortex-a9 -mfpu=vfpv3 -mfloat-abi=hard -nostartfiles -g -Wall -Wextra"
make[2]: Entering directory `/users/students/r0767980/Documents/DDP/SW/SW2/package/sw_project/project_sw/hw_bsp/ps7_cortexa9_0/libsrc/xadcps_v2_2/src'
Compiling xadcps
make[2]: Leaving directory `/users/students/r0767980/Documents/DDP/SW/SW2/package/sw_project/project_sw/hw_bsp/ps7_cortexa9_0/libsrc/xadcps_v2_2/src'
Running Make libs in ps7_cortexa9_0/libsrc/cpu_cortexa9_v2_6/src
make -C ps7_cortexa9_0/libsrc/cpu_cortexa9_v2_6/src -s libs  "SHELL=/bin/sh" "COMPILER=arm-none-eabi-gcc" "ARCHIVER=arm-none-eabi-ar" "COMPILER_FLAGS=  -O2 -c" "EXTRA_COMPILER_FLAGS=-mcpu=cortex-a9 -mfpu=vfpv3 -mfloat-abi=hard -nostartfiles -g -Wall -Wextra"
make[2]: Entering directory `/users/students/r0767980/Documents/DDP/SW/SW2/package/sw_project/project_sw/hw_bsp/ps7_cortexa9_0/libsrc/cpu_cortexa9_v2_6/src'
Compiling cpu_cortexa9
make[2]: Leaving directory `/users/students/r0767980/Documents/DDP/SW/SW2/package/sw_project/project_sw/hw_bsp/ps7_cortexa9_0/libsrc/cpu_cortexa9_v2_6/src'
Running Make libs in ps7_cortexa9_0/libsrc/scuwdt_v2_1/src
make -C ps7_cortexa9_0/libsrc/scuwdt_v2_1/src -s libs  "SHELL=/bin/sh" "COMPILER=arm-none-eabi-gcc" "ARCHIVER=arm-none-eabi-ar" "COMPILER_FLAGS=  -O2 -c" "EXTRA_COMPILER_FLAGS=-mcpu=cortex-a9 -mfpu=vfpv3 -mfloat-abi=hard -nostartfiles -g -Wall -Wextra"
make[2]: Entering directory `/users/students/r0767980/Documents/DDP/SW/SW2/package/sw_project/project_sw/hw_bsp/ps7_cortexa9_0/libsrc/scuwdt_v2_1/src'
Compiling scuwdt
make[2]: Leaving directory `/users/students/r0767980/Documents/DDP/SW/SW2/package/sw_project/project_sw/hw_bsp/ps7_cortexa9_0/libsrc/scuwdt_v2_1/src'
Running Make libs in ps7_cortexa9_0/libsrc/ttcps_v3_6/src
make -C ps7_cortexa9_0/libsrc/ttcps_v3_6/src -s libs  "SHELL=/bin/sh" "COMPILER=arm-none-eabi-gcc" "ARCHIVER=arm-none-eabi-ar" "COMPILER_FLAGS=  -O2 -c" "EXTRA_COMPILER_FLAGS=-mcpu=cortex-a9 -mfpu=vfpv3 -mfloat-abi=hard -nostartfiles -g -Wall -Wextra"
make[2]: Entering directory `/users/students/r0767980/Documents/DDP/SW/SW2/package/sw_project/project_sw/hw_bsp/ps7_cortexa9_0/libsrc/ttcps_v3_6/src'
Compiling ttcps
make[2]: Leaving directory `/users/students/r0767980/Documents/DDP/SW/SW2/package/sw_project/project_sw/hw_bsp/ps7_cortexa9_0/libsrc/ttcps_v3_6/src'
Running Make libs in ps7_cortexa9_0/libsrc/sdps_v3_5/src
make -C ps7_cortexa9_0/libsrc/sdps_v3_5/src -s libs  "SHELL=/bin/sh" "COMPILER=arm-none-eabi-gcc" "ARCHIVER=arm-none-eabi-ar" "COMPILER_FLAGS=  -O2 -c" "EXTRA_COMPILER_FLAGS=-mcpu=cortex-a9 -mfpu=vfpv3 -mfloat-abi=hard -nostartfiles -g -Wall -Wextra"
make[2]: Entering directory `/users/students/r0767980/Documents/DDP/SW/SW2/package/sw_project/project_sw/hw_bsp/ps7_cortexa9_0/libsrc/sdps_v3_5/src'
Compiling sdps
make[2]: Leaving directory `/users/students/r0767980/Documents/DDP/SW/SW2/package/sw_project/project_sw/hw_bsp/ps7_cortexa9_0/libsrc/sdps_v3_5/src'
Running Make libs in ps7_cortexa9_0/libsrc/usbps_v2_4/src
make -C ps7_cortexa9_0/libsrc/usbps_v2_4/src -s libs  "SHELL=/bin/sh" "COMPILER=arm-none-eabi-gcc" "ARCHIVER=arm-none-eabi-ar" "COMPILER_FLAGS=  -O2 -c" "EXTRA_COMPILER_FLAGS=-mcpu=cortex-a9 -mfpu=vfpv3 -mfloat-abi=hard -nostartfiles -g -Wall -Wextra"
make[2]: Entering directory `/users/students/r0767980/Documents/DDP/SW/SW2/package/sw_project/project_sw/hw_bsp/ps7_cortexa9_0/libsrc/usbps_v2_4/src'
Compiling usbps
make[2]: Leaving directory `/users/students/r0767980/Documents/DDP/SW/SW2/package/sw_project/project_sw/hw_bsp/ps7_cortexa9_0/libsrc/usbps_v2_4/src'
Running Make libs in ps7_cortexa9_0/libsrc/coresightps_dcc_v1_4/src
make -C ps7_cortexa9_0/libsrc/coresightps_dcc_v1_4/src -s libs  "SHELL=/bin/sh" "COMPILER=arm-none-eabi-gcc" "ARCHIVER=arm-none-eabi-ar" "COMPILER_FLAGS=  -O2 -c" "EXTRA_COMPILER_FLAGS=-mcpu=cortex-a9 -mfpu=vfpv3 -mfloat-abi=hard -nostartfiles -g -Wall -Wextra"
make[2]: Entering directory `/users/students/r0767980/Documents/DDP/SW/SW2/package/sw_project/project_sw/hw_bsp/ps7_cortexa9_0/libsrc/coresightps_dcc_v1_4/src'
Compiling coresightps_dcc
make[2]: Leaving directory `/users/students/r0767980/Documents/DDP/SW/SW2/package/sw_project/project_sw/hw_bsp/ps7_cortexa9_0/libsrc/coresightps_dcc_v1_4/src'
Running Make libs in ps7_cortexa9_0/libsrc/scutimer_v2_1/src
make -C ps7_cortexa9_0/libsrc/scutimer_v2_1/src -s libs  "SHELL=/bin/sh" "COMPILER=arm-none-eabi-gcc" "ARCHIVER=arm-none-eabi-ar" "COMPILER_FLAGS=  -O2 -c" "EXTRA_COMPILER_FLAGS=-mcpu=cortex-a9 -mfpu=vfpv3 -mfloat-abi=hard -nostartfiles -g -Wall -Wextra"
make[2]: Entering directory `/users/students/r0767980/Documents/DDP/SW/SW2/package/sw_project/project_sw/hw_bsp/ps7_cortexa9_0/libsrc/scutimer_v2_1/src'
Compiling scutimer
make[2]: Leaving directory `/users/students/r0767980/Documents/DDP/SW/SW2/package/sw_project/project_sw/hw_bsp/ps7_cortexa9_0/libsrc/scutimer_v2_1/src'
Finished building libraries
make[1]: Leaving directory `/users/students/r0767980/Documents/DDP/SW/SW2/package/sw_project/project_sw/hw_bsp'
17:18:45 **** Build of configuration Debug for project sw_design ****
make pre-build main-build 
make[1]: Entering directory `/users/students/r0767980/Documents/DDP/SW/SW2/package/sw_project/project_sw/sw_design/Debug'
a9-linaro-pre-build-step
 
Building file: ../src/platform/interface.c
Invoking: ARM v7 gcc compiler
arm-none-eabi-gcc -Wall -O0 -g3 -c -fmessage-length=0 -MT"src/platform/interface.o" -mcpu=cortex-a9 -mfpu=vfpv3 -mfloat-abi=hard -I../../hw_bsp/ps7_cortexa9_0/include -MMD -MP -MF"src/platform/interface.d" -MT"src/platform/interface.o" -o "src/platform/interface.o" "../src/platform/interface.c"
../src/platform/interface.c: In function 'print_array_contents':
../src/platform/interface.c:54:9: warning: implicit declaration of function 'xil_printf' [-Wimplicit-function-declaration]
         xil_printf("%08x %08x %08x %08x\n\r",
         ^~~~~~~~~~
Finished building: ../src/platform/interface.c
 
Building file: ../src/platform/platform.c
Invoking: ARM v7 gcc compiler
arm-none-eabi-gcc -Wall -O0 -g3 -c -fmessage-length=0 -MT"src/platform/platform.o" -mcpu=cortex-a9 -mfpu=vfpv3 -mfloat-abi=hard -I../../hw_bsp/ps7_cortexa9_0/include -MMD -MP -MF"src/platform/platform.d" -MT"src/platform/platform.o" -o "src/platform/platform.o" "../src/platform/platform.c"
Finished building: ../src/platform/platform.c
 
Building file: ../src/asm_func.S
Invoking: ARM v7 gcc compiler
arm-none-eabi-gcc -Wall -O0 -g3 -c -fmessage-length=0 -MT"src/asm_func.o" -mcpu=cortex-a9 -mfpu=vfpv3 -mfloat-abi=hard -I../../hw_bsp/ps7_cortexa9_0/include -MMD -MP -MF"src/asm_func.d" -MT"src/asm_func.o" -o "src/asm_func.o" "../src/asm_func.S"
Finished building: ../src/asm_func.S
 
Building file: ../src/main.c
Invoking: ARM v7 gcc compiler
arm-none-eabi-gcc -Wall -O0 -g3 -c -fmessage-length=0 -MT"src/main.o" -mcpu=cortex-a9 -mfpu=vfpv3 -mfloat-abi=hard -I../../hw_bsp/ps7_cortexa9_0/include -MMD -MP -MF"src/main.d" -MT"src/main.o" -o "src/main.o" "../src/main.c"
Finished building: ../src/main.c
 
Building file: ../src/montgomery.c
Invoking: ARM v7 gcc compiler
arm-none-eabi-gcc -Wall -O0 -g3 -c -fmessage-length=0 -MT"src/montgomery.o" -mcpu=cortex-a9 -mfpu=vfpv3 -mfloat-abi=hard -I../../hw_bsp/ps7_cortexa9_0/include -MMD -MP -MF"src/montgomery.d" -MT"src/montgomery.o" -o "src/montgomery.o" "../src/montgomery.c"
Finished building: ../src/montgomery.c
 
Building file: ../src/mp_arith.c
Invoking: ARM v7 gcc compiler
arm-none-eabi-gcc -Wall -O0 -g3 -c -fmessage-length=0 -MT"src/mp_arith.o" -mcpu=cortex-a9 -mfpu=vfpv3 -mfloat-abi=hard -I../../hw_bsp/ps7_cortexa9_0/include -MMD -MP -MF"src/mp_arith.d" -MT"src/mp_arith.o" -o "src/mp_arith.o" "../src/mp_arith.c"
Finished building: ../src/mp_arith.c
 
Building file: ../src/warmup.c
Invoking: ARM v7 gcc compiler
arm-none-eabi-gcc -Wall -O0 -g3 -c -fmessage-length=0 -MT"src/warmup.o" -mcpu=cortex-a9 -mfpu=vfpv3 -mfloat-abi=hard -I../../hw_bsp/ps7_cortexa9_0/include -MMD -MP -MF"src/warmup.d" -MT"src/warmup.o" -o "src/warmup.o" "../src/warmup.c"
../src/warmup.c: In function 'warmup':
../src/warmup.c:24:10: warning: unused variable 'i' [-Wunused-variable]
  int32_t i;
          ^
../src/warmup.c:50:5: warning: 'a' is used uninitialized in this function [-Wuninitialized]
     xil_printf("Value of a = %x\r\n", a);
     ^~~~~~~~~~~~~~~~~~~~~~~~~~~~~~~~~~~~
../src/warmup.c:51:5: warning: 'b' is used uninitialized in this function [-Wuninitialized]
     xil_printf("Value of b = %x\r\n", b);
     ^~~~~~~~~~~~~~~~~~~~~~~~~~~~~~~~~~~~
../src/warmup.c:52:5: warning: 'c' is used uninitialized in this function [-Wuninitialized]
     xil_printf("Value of c = %x\r\n", c);
     ^~~~~~~~~~~~~~~~~~~~~~~~~~~~~~~~~~~~
Finished building: ../src/warmup.c
 
Building target: sw_design.elf
Invoking: ARM v7 gcc linker
arm-none-eabi-gcc -mcpu=cortex-a9 -mfpu=vfpv3 -mfloat-abi=hard -Wl,-build-id=none -specs=Xilinx.spec -Wl,-T -Wl,../src/lscript.ld -L../../hw_bsp/ps7_cortexa9_0/lib -o "sw_design.elf"  ./src/platform/interface.o ./src/platform/platform.o  ./src/asm_func.o ./src/main.o ./src/montgomery.o ./src/mp_arith.o ./src/warmup.o   -Wl,--start-group,-lxil,-lgcc,-lc,--end-group
Finished building target: sw_design.elf
 
Invoking: ARM v7 Print Size
arm-none-eabi-size sw_design.elf  |tee "sw_design.elf.size"
   text	   data	    bss	    dec	    hex	filename
  76032	   2576	  23344	 101952	  18e40	sw_design.elf
Finished building: sw_design.elf.size
 
make[1]: Leaving directory `/users/students/r0767980/Documents/DDP/SW/SW2/package/sw_project/project_sw/sw_design/Debug'
17:18:56 **** Incremental Build of configuration Debug for project sw_design ****
make pre-build main-build 
make[1]: Entering directory `/users/students/r0767980/Documents/DDP/SW/SW2/package/sw_project/project_sw/sw_design/Debug'
a9-linaro-pre-build-step
 
make[1]: Nothing to be done for `main-build'.
make[1]: Leaving directory `/users/students/r0767980/Documents/DDP/SW/SW2/package/sw_project/project_sw/sw_design/Debug'
17:19:26 **** Incremental Build of configuration Debug for project sw_design ****
make pre-build main-build 
make[1]: Entering directory `/users/students/r0767980/Documents/DDP/SW/SW2/package/sw_project/project_sw/sw_design/Debug'
a9-linaro-pre-build-step
 
Building file: ../src/main.c
Invoking: ARM v7 gcc compiler
arm-none-eabi-gcc -Wall -O0 -g3 -c -fmessage-length=0 -MT"src/main.o" -mcpu=cortex-a9 -mfpu=vfpv3 -mfloat-abi=hard -I../../hw_bsp/ps7_cortexa9_0/include -MMD -MP -MF"src/main.d" -MT"src/main.o" -o "src/main.o" "../src/main.c"
Finished building: ../src/main.c
 
Building target: sw_design.elf
Invoking: ARM v7 gcc linker
arm-none-eabi-gcc -mcpu=cortex-a9 -mfpu=vfpv3 -mfloat-abi=hard -Wl,-build-id=none -specs=Xilinx.spec -Wl,-T -Wl,../src/lscript.ld -L../../hw_bsp/ps7_cortexa9_0/lib -o "sw_design.elf"  ./src/platform/interface.o ./src/platform/platform.o  ./src/asm_func.o ./src/main.o ./src/montgomery.o ./src/mp_arith.o ./src/warmup.o   -Wl,--start-group,-lxil,-lgcc,-lc,--end-group
Finished building target: sw_design.elf
 
Invoking: ARM v7 Print Size
arm-none-eabi-size sw_design.elf  |tee "sw_design.elf.size"
   text	   data	    bss	    dec	    hex	filename
  76032	   2576	  23344	 101952	  18e40	sw_design.elf
Finished building: sw_design.elf.size
 
make[1]: Leaving directory `/users/students/r0767980/Documents/DDP/SW/SW2/package/sw_project/project_sw/sw_design/Debug'
17:19:32 **** Incremental Build of configuration Debug for project sw_design ****
make pre-build main-build 
make[1]: Entering directory `/users/students/r0767980/Documents/DDP/SW/SW2/package/sw_project/project_sw/sw_design/Debug'
a9-linaro-pre-build-step
 
make[1]: Nothing to be done for `main-build'.
make[1]: Leaving directory `/users/students/r0767980/Documents/DDP/SW/SW2/package/sw_project/project_sw/sw_design/Debug'
17:30:21 **** Incremental Build of configuration Debug for project sw_design ****
make pre-build main-build 
make[1]: Entering directory `/users/students/r0767980/Documents/DDP/SW/SW2/package/sw_project/project_sw/sw_design/Debug'
a9-linaro-pre-build-step
 
Building file: ../src/mp_arith.c
Invoking: ARM v7 gcc compiler
arm-none-eabi-gcc -Wall -O0 -g3 -c -fmessage-length=0 -MT"src/mp_arith.o" -mcpu=cortex-a9 -mfpu=vfpv3 -mfloat-abi=hard -I../../hw_bsp/ps7_cortexa9_0/include -MMD -MP -MF"src/mp_arith.d" -MT"src/mp_arith.o" -o "src/mp_arith.o" "../src/mp_arith.c"
../src/mp_arith.c: In function 'mp_add':
../src/mp_arith.c:13:2: warning: implicit declaration of function 'xil_printf'; did you mean '__builtin_printf'? [-Wimplicit-function-declaration]
  xil_printf("Address of a = [0x%x] [0x%x]\n\r", a, a[0]);
  ^~~~~~~~~~
  __builtin_printf
Finished building: ../src/mp_arith.c
 
Building target: sw_design.elf
Invoking: ARM v7 gcc linker
arm-none-eabi-gcc -mcpu=cortex-a9 -mfpu=vfpv3 -mfloat-abi=hard -Wl,-build-id=none -specs=Xilinx.spec -Wl,-T -Wl,../src/lscript.ld -L../../hw_bsp/ps7_cortexa9_0/lib -o "sw_design.elf"  ./src/platform/interface.o ./src/platform/platform.o  ./src/asm_func.o ./src/main.o ./src/montgomery.o ./src/mp_arith.o ./src/warmup.o   -Wl,--start-group,-lxil,-lgcc,-lc,--end-group
Finished building target: sw_design.elf
 
Invoking: ARM v7 Print Size
arm-none-eabi-size sw_design.elf  |tee "sw_design.elf.size"
   text	   data	    bss	    dec	    hex	filename
  76128	   2576	  23344	 102048	  18ea0	sw_design.elf
Finished building: sw_design.elf.size
 
make[1]: Leaving directory `/users/students/r0767980/Documents/DDP/SW/SW2/package/sw_project/project_sw/sw_design/Debug'
17:30:33 **** Incremental Build of configuration Debug for project sw_design ****
make pre-build main-build 
make[1]: Entering directory `/users/students/r0767980/Documents/DDP/SW/SW2/package/sw_project/project_sw/sw_design/Debug'
a9-linaro-pre-build-step
 
Building file: ../src/main.c
Invoking: ARM v7 gcc compiler
arm-none-eabi-gcc -Wall -O0 -g3 -c -fmessage-length=0 -MT"src/main.o" -mcpu=cortex-a9 -mfpu=vfpv3 -mfloat-abi=hard -I../../hw_bsp/ps7_cortexa9_0/include -MMD -MP -MF"src/main.d" -MT"src/main.o" -o "src/main.o" "../src/main.c"
../src/main.c: In function 'main':
../src/main.c:47:2: warning: implicit declaration of function 'mp_add' [-Wimplicit-function-declaration]
  mp_add(&a,&b,&res,size);
  ^~~~~~
Finished building: ../src/main.c
 
Building target: sw_design.elf
Invoking: ARM v7 gcc linker
arm-none-eabi-gcc -mcpu=cortex-a9 -mfpu=vfpv3 -mfloat-abi=hard -Wl,-build-id=none -specs=Xilinx.spec -Wl,-T -Wl,../src/lscript.ld -L../../hw_bsp/ps7_cortexa9_0/lib -o "sw_design.elf"  ./src/platform/interface.o ./src/platform/platform.o  ./src/asm_func.o ./src/main.o ./src/montgomery.o ./src/mp_arith.o ./src/warmup.o   -Wl,--start-group,-lxil,-lgcc,-lc,--end-group
Finished building target: sw_design.elf
 
Invoking: ARM v7 Print Size
arm-none-eabi-size sw_design.elf  |tee "sw_design.elf.size"
   text	   data	    bss	    dec	    hex	filename
  76448	   2576	  23344	 102368	  18fe0	sw_design.elf
Finished building: sw_design.elf.size
 
make[1]: Leaving directory `/users/students/r0767980/Documents/DDP/SW/SW2/package/sw_project/project_sw/sw_design/Debug'
17:46:27 **** Incremental Build of configuration Debug for project sw_design ****
make pre-build main-build 
make[1]: Entering directory `/users/students/r0767980/Documents/DDP/SW/SW2/package/sw_project/project_sw/sw_design/Debug'
a9-linaro-pre-build-step
 
Building file: ../src/mp_arith.c
Invoking: ARM v7 gcc compiler
arm-none-eabi-gcc -Wall -O0 -g3 -c -fmessage-length=0 -MT"src/mp_arith.o" -mcpu=cortex-a9 -mfpu=vfpv3 -mfloat-abi=hard -I../../hw_bsp/ps7_cortexa9_0/include -MMD -MP -MF"src/mp_arith.d" -MT"src/mp_arith.o" -o "src/mp_arith.o" "../src/mp_arith.c"
../src/mp_arith.c: In function 'mp_add':
../src/mp_arith.c:13:2: warning: implicit declaration of function 'xil_printf'; did you mean '__builtin_printf'? [-Wimplicit-function-declaration]
  xil_printf("Address of a = [0x%x] \n\r", a[0]);
  ^~~~~~~~~~
  __builtin_printf
../src/mp_arith.c:17:3: error: 'c' undeclared (first use in this function)
   c[i]=(uint32_t)sum+carry;
   ^
../src/mp_arith.c:17:3: note: each undeclared identifier is reported only once for each function it appears in
make[1]: *** [src/mp_arith.o] Error 1
make[1]: Leaving directory `/users/students/r0767980/Documents/DDP/SW/SW2/package/sw_project/project_sw/sw_design/Debug'
17:47:09 **** Incremental Build of configuration Debug for project sw_design ****
make pre-build main-build 
make[1]: Entering directory `/users/students/r0767980/Documents/DDP/SW/SW2/package/sw_project/project_sw/sw_design/Debug'
a9-linaro-pre-build-step
 
Building file: ../src/mp_arith.c
Invoking: ARM v7 gcc compiler
arm-none-eabi-gcc -Wall -O0 -g3 -c -fmessage-length=0 -MT"src/mp_arith.o" -mcpu=cortex-a9 -mfpu=vfpv3 -mfloat-abi=hard -I../../hw_bsp/ps7_cortexa9_0/include -MMD -MP -MF"src/mp_arith.d" -MT"src/mp_arith.o" -o "src/mp_arith.o" "../src/mp_arith.c"
../src/mp_arith.c: In function 'mp_add':
../src/mp_arith.c:13:2: warning: implicit declaration of function 'xil_printf'; did you mean '__builtin_printf'? [-Wimplicit-function-declaration]
  xil_printf("Address of a = [0x%x] \n\r", a[0]);
  ^~~~~~~~~~
  __builtin_printf
Finished building: ../src/mp_arith.c
 
Building target: sw_design.elf
Invoking: ARM v7 gcc linker
arm-none-eabi-gcc -mcpu=cortex-a9 -mfpu=vfpv3 -mfloat-abi=hard -Wl,-build-id=none -specs=Xilinx.spec -Wl,-T -Wl,../src/lscript.ld -L../../hw_bsp/ps7_cortexa9_0/lib -o "sw_design.elf"  ./src/platform/interface.o ./src/platform/platform.o  ./src/asm_func.o ./src/main.o ./src/montgomery.o ./src/mp_arith.o ./src/warmup.o   -Wl,--start-group,-lxil,-lgcc,-lc,--end-group
Finished building target: sw_design.elf
 
Invoking: ARM v7 Print Size
arm-none-eabi-size sw_design.elf  |tee "sw_design.elf.size"
   text	   data	    bss	    dec	    hex	filename
  76728	   2576	  23344	 102648	  190f8	sw_design.elf
Finished building: sw_design.elf.size
 
make[1]: Leaving directory `/users/students/r0767980/Documents/DDP/SW/SW2/package/sw_project/project_sw/sw_design/Debug'
17:47:28 **** Incremental Build of configuration Debug for project sw_design ****
make pre-build main-build 
make[1]: Entering directory `/users/students/r0767980/Documents/DDP/SW/SW2/package/sw_project/project_sw/sw_design/Debug'
a9-linaro-pre-build-step
 
make[1]: Nothing to be done for `main-build'.
make[1]: Leaving directory `/users/students/r0767980/Documents/DDP/SW/SW2/package/sw_project/project_sw/sw_design/Debug'
17:48:55 **** Incremental Build of configuration Debug for project sw_design ****
make pre-build main-build 
make[1]: Entering directory `/users/students/r0767980/Documents/DDP/SW/SW2/package/sw_project/project_sw/sw_design/Debug'
a9-linaro-pre-build-step
 
Building file: ../src/main.c
Invoking: ARM v7 gcc compiler
arm-none-eabi-gcc -Wall -O0 -g3 -c -fmessage-length=0 -MT"src/main.o" -mcpu=cortex-a9 -mfpu=vfpv3 -mfloat-abi=hard -I../../hw_bsp/ps7_cortexa9_0/include -MMD -MP -MF"src/main.d" -MT"src/main.o" -o "src/main.o" "../src/main.c"
../src/main.c: In function 'main':
../src/main.c:47:2: warning: implicit declaration of function 'mp_add' [-Wimplicit-function-declaration]
  mp_add(&a,&b,&res,size);
  ^~~~~~
Finished building: ../src/main.c
 
Building target: sw_design.elf
Invoking: ARM v7 gcc linker
arm-none-eabi-gcc -mcpu=cortex-a9 -mfpu=vfpv3 -mfloat-abi=hard -Wl,-build-id=none -specs=Xilinx.spec -Wl,-T -Wl,../src/lscript.ld -L../../hw_bsp/ps7_cortexa9_0/lib -o "sw_design.elf"  ./src/platform/interface.o ./src/platform/platform.o  ./src/asm_func.o ./src/main.o ./src/montgomery.o ./src/mp_arith.o ./src/warmup.o   -Wl,--start-group,-lxil,-lgcc,-lc,--end-group
Finished building target: sw_design.elf
 
Invoking: ARM v7 Print Size
arm-none-eabi-size sw_design.elf  |tee "sw_design.elf.size"
   text	   data	    bss	    dec	    hex	filename
  76728	   2576	  23344	 102648	  190f8	sw_design.elf
Finished building: sw_design.elf.size
 
make[1]: Leaving directory `/users/students/r0767980/Documents/DDP/SW/SW2/package/sw_project/project_sw/sw_design/Debug'
17:49:01 **** Incremental Build of configuration Debug for project sw_design ****
make pre-build main-build 
make[1]: Entering directory `/users/students/r0767980/Documents/DDP/SW/SW2/package/sw_project/project_sw/sw_design/Debug'
a9-linaro-pre-build-step
 
make[1]: Nothing to be done for `main-build'.
make[1]: Leaving directory `/users/students/r0767980/Documents/DDP/SW/SW2/package/sw_project/project_sw/sw_design/Debug'
17:53:40 **** Incremental Build of configuration Debug for project sw_design ****
make pre-build main-build 
make[1]: Entering directory `/users/students/r0767980/Documents/DDP/SW/SW2/package/sw_project/project_sw/sw_design/Debug'
a9-linaro-pre-build-step
 
Building file: ../src/mp_arith.c
Invoking: ARM v7 gcc compiler
arm-none-eabi-gcc -Wall -O0 -g3 -c -fmessage-length=0 -MT"src/mp_arith.o" -mcpu=cortex-a9 -mfpu=vfpv3 -mfloat-abi=hard -I../../hw_bsp/ps7_cortexa9_0/include -MMD -MP -MF"src/mp_arith.d" -MT"src/mp_arith.o" -o "src/mp_arith.o" "../src/mp_arith.c"
../src/mp_arith.c: In function 'mp_add':
../src/mp_arith.c:13:2: warning: implicit declaration of function 'xil_printf'; did you mean '__builtin_printf'? [-Wimplicit-function-declaration]
  xil_printf("Address of a = [0x%x] \n\r", a[0]);
  ^~~~~~~~~~
  __builtin_printf
Finished building: ../src/mp_arith.c
 
Building target: sw_design.elf
Invoking: ARM v7 gcc linker
arm-none-eabi-gcc -mcpu=cortex-a9 -mfpu=vfpv3 -mfloat-abi=hard -Wl,-build-id=none -specs=Xilinx.spec -Wl,-T -Wl,../src/lscript.ld -L../../hw_bsp/ps7_cortexa9_0/lib -o "sw_design.elf"  ./src/platform/interface.o ./src/platform/platform.o  ./src/asm_func.o ./src/main.o ./src/montgomery.o ./src/mp_arith.o ./src/warmup.o   -Wl,--start-group,-lxil,-lgcc,-lc,--end-group
Finished building target: sw_design.elf
 
Invoking: ARM v7 Print Size
arm-none-eabi-size sw_design.elf  |tee "sw_design.elf.size"
   text	   data	    bss	    dec	    hex	filename
  76736	   2576	  23344	 102656	  19100	sw_design.elf
Finished building: sw_design.elf.size
 
make[1]: Leaving directory `/users/students/r0767980/Documents/DDP/SW/SW2/package/sw_project/project_sw/sw_design/Debug'
17:53:45 **** Incremental Build of configuration Debug for project sw_design ****
make pre-build main-build 
make[1]: Entering directory `/users/students/r0767980/Documents/DDP/SW/SW2/package/sw_project/project_sw/sw_design/Debug'
a9-linaro-pre-build-step
 
make[1]: Nothing to be done for `main-build'.
make[1]: Leaving directory `/users/students/r0767980/Documents/DDP/SW/SW2/package/sw_project/project_sw/sw_design/Debug'
18:02:29 **** Incremental Build of configuration Debug for project sw_design ****
make pre-build main-build 
make[1]: Entering directory `/users/students/r0767980/Documents/DDP/SW/SW2/package/sw_project/project_sw/sw_design/Debug'
a9-linaro-pre-build-step
 
Building file: ../src/mp_arith.c
Invoking: ARM v7 gcc compiler
arm-none-eabi-gcc -Wall -O0 -g3 -c -fmessage-length=0 -MT"src/mp_arith.o" -mcpu=cortex-a9 -mfpu=vfpv3 -mfloat-abi=hard -I../../hw_bsp/ps7_cortexa9_0/include -MMD -MP -MF"src/mp_arith.d" -MT"src/mp_arith.o" -o "src/mp_arith.o" "../src/mp_arith.c"
Finished building: ../src/mp_arith.c
 
Building target: sw_design.elf
Invoking: ARM v7 gcc linker
arm-none-eabi-gcc -mcpu=cortex-a9 -mfpu=vfpv3 -mfloat-abi=hard -Wl,-build-id=none -specs=Xilinx.spec -Wl,-T -Wl,../src/lscript.ld -L../../hw_bsp/ps7_cortexa9_0/lib -o "sw_design.elf"  ./src/platform/interface.o ./src/platform/platform.o  ./src/asm_func.o ./src/main.o ./src/montgomery.o ./src/mp_arith.o ./src/warmup.o   -Wl,--start-group,-lxil,-lgcc,-lc,--end-group
Finished building target: sw_design.elf
 
Invoking: ARM v7 Print Size
arm-none-eabi-size sw_design.elf  |tee "sw_design.elf.size"
   text	   data	    bss	    dec	    hex	filename
  76608	   2576	  23344	 102528	  19080	sw_design.elf
Finished building: sw_design.elf.size
 
make[1]: Leaving directory `/users/students/r0767980/Documents/DDP/SW/SW2/package/sw_project/project_sw/sw_design/Debug'
18:02:49 **** Incremental Build of configuration Debug for project sw_design ****
make pre-build main-build 
make[1]: Entering directory `/users/students/r0767980/Documents/DDP/SW/SW2/package/sw_project/project_sw/sw_design/Debug'
a9-linaro-pre-build-step
 
make[1]: Nothing to be done for `main-build'.
make[1]: Leaving directory `/users/students/r0767980/Documents/DDP/SW/SW2/package/sw_project/project_sw/sw_design/Debug'
18:30:36 **** Incremental Build of configuration Debug for project sw_design ****
make pre-build main-build 
make[1]: Entering directory `/users/students/r0767980/Documents/DDP/SW/SW2/package/sw_project/project_sw/sw_design/Debug'
a9-linaro-pre-build-step
 
Building file: ../src/mp_arith.c
Invoking: ARM v7 gcc compiler
arm-none-eabi-gcc -Wall -O0 -g3 -c -fmessage-length=0 -MT"src/mp_arith.o" -mcpu=cortex-a9 -mfpu=vfpv3 -mfloat-abi=hard -I../../hw_bsp/ps7_cortexa9_0/include -MMD -MP -MF"src/mp_arith.d" -MT"src/mp_arith.o" -o "src/mp_arith.o" "../src/mp_arith.c"
../src/mp_arith.c: In function 'mp_sub':
../src/mp_arith.c:27:16: error: expected ')' before 'i'
  for ((uint8_t i=0;i<size;i++)){
                ^
../src/mp_arith.c:27:31: error: expected expression before ')' token
  for ((uint8_t i=0;i<size;i++)){
                               ^
../src/mp_arith.c:27:31: error: expected expression before ')' token
../src/mp_arith.c:28:8: error: 'i' undeclared (first use in this function)
   if(a[i] > b[i]) {
        ^
../src/mp_arith.c:28:8: note: each undeclared identifier is reported only once for each function it appears in
../src/mp_arith.c:32:18: error: expected '=', ',', ';', 'asm' or '__attribute__' before '+=' token
    uint64_t a[i] += 1<<32;
                  ^~
../src/mp_arith.c:32:18: error: expected expression before '+=' token
make[1]: *** [src/mp_arith.o] Error 1
make[1]: Leaving directory `/users/students/r0767980/Documents/DDP/SW/SW2/package/sw_project/project_sw/sw_design/Debug'
18:31:21 **** Incremental Build of configuration Debug for project sw_design ****
make pre-build main-build 
make[1]: Entering directory `/users/students/r0767980/Documents/DDP/SW/SW2/package/sw_project/project_sw/sw_design/Debug'
a9-linaro-pre-build-step
 
Building file: ../src/mp_arith.c
Invoking: ARM v7 gcc compiler
arm-none-eabi-gcc -Wall -O0 -g3 -c -fmessage-length=0 -MT"src/mp_arith.o" -mcpu=cortex-a9 -mfpu=vfpv3 -mfloat-abi=hard -I../../hw_bsp/ps7_cortexa9_0/include -MMD -MP -MF"src/mp_arith.d" -MT"src/mp_arith.o" -o "src/mp_arith.o" "../src/mp_arith.c"
../src/mp_arith.c: In function 'mp_sub':
../src/mp_arith.c:27:16: error: expected ')' before 'i'
  for ((uint8_t i=0;i<size;i++)){
                ^
../src/mp_arith.c:27:31: error: expected expression before ')' token
  for ((uint8_t i=0;i<size;i++)){
                               ^
../src/mp_arith.c:27:31: error: expected expression before ')' token
../src/mp_arith.c:28:8: error: 'i' undeclared (first use in this function)
   if(a[i] > b[i]) {
        ^
../src/mp_arith.c:28:8: note: each undeclared identifier is reported only once for each function it appears in
make[1]: *** [src/mp_arith.o] Error 1
make[1]: Leaving directory `/users/students/r0767980/Documents/DDP/SW/SW2/package/sw_project/project_sw/sw_design/Debug'
18:31:59 **** Incremental Build of configuration Debug for project sw_design ****
make pre-build main-build 
make[1]: Entering directory `/users/students/r0767980/Documents/DDP/SW/SW2/package/sw_project/project_sw/sw_design/Debug'
a9-linaro-pre-build-step
 
Building file: ../src/mp_arith.c
Invoking: ARM v7 gcc compiler
arm-none-eabi-gcc -Wall -O0 -g3 -c -fmessage-length=0 -MT"src/mp_arith.o" -mcpu=cortex-a9 -mfpu=vfpv3 -mfloat-abi=hard -I../../hw_bsp/ps7_cortexa9_0/include -MMD -MP -MF"src/mp_arith.d" -MT"src/mp_arith.o" -o "src/mp_arith.o" "../src/mp_arith.c"
../src/mp_arith.c: In function 'mp_sub':
../src/mp_arith.c:32:35: warning: suggest parentheses around '+' inside '<<' [-Wparentheses]
    (uint64_t) a[i]=(uint64_t) a[i]+  1<<32;
                    ~~~~~~~~~~~~~~~^~~~
../src/mp_arith.c:32:19: error: lvalue required as left operand of assignment
    (uint64_t) a[i]=(uint64_t) a[i]+  1<<32;
                   ^
../src/mp_arith.c:33:20: error: lvalue required as left operand of assignment
    (uint64_t)res[i]=(uint64_t)a[i]-(uint64_t)b[i];
                    ^
make[1]: *** [src/mp_arith.o] Error 1
make[1]: Leaving directory `/users/students/r0767980/Documents/DDP/SW/SW2/package/sw_project/project_sw/sw_design/Debug'
18:32:51 **** Incremental Build of configuration Debug for project sw_design ****
make pre-build main-build 
make[1]: Entering directory `/users/students/r0767980/Documents/DDP/SW/SW2/package/sw_project/project_sw/sw_design/Debug'
a9-linaro-pre-build-step
 
Building file: ../src/mp_arith.c
Invoking: ARM v7 gcc compiler
arm-none-eabi-gcc -Wall -O0 -g3 -c -fmessage-length=0 -MT"src/mp_arith.o" -mcpu=cortex-a9 -mfpu=vfpv3 -mfloat-abi=hard -I../../hw_bsp/ps7_cortexa9_0/include -MMD -MP -MF"src/mp_arith.d" -MT"src/mp_arith.o" -o "src/mp_arith.o" "../src/mp_arith.c"
../src/mp_arith.c: In function 'mp_sub':
../src/mp_arith.c:32:35: warning: suggest parentheses around '+' inside '<<' [-Wparentheses]
    (uint64_t) a[i]=(uint64_t) a[i]+ (uint64_t) 1<<32;
                    ~~~~~~~~~~~~~~~^~~~~~~~~~~~~~
../src/mp_arith.c:32:19: error: lvalue required as left operand of assignment
    (uint64_t) a[i]=(uint64_t) a[i]+ (uint64_t) 1<<32;
                   ^
../src/mp_arith.c:33:20: error: lvalue required as left operand of assignment
    (uint64_t)res[i]=(uint64_t)a[i]-(uint64_t)b[i];
make[1]: Leaving directory `/users/students/r0767980/Documents/DDP/SW/SW2/package/sw_project/project_sw/sw_design/Debug'
                    ^
make[1]: *** [src/mp_arith.o] Error 1
18:33:20 **** Incremental Build of configuration Debug for project sw_design ****
make pre-build main-build 
make[1]: Entering directory `/users/students/r0767980/Documents/DDP/SW/SW2/package/sw_project/project_sw/sw_design/Debug'
a9-linaro-pre-build-step
 
Building file: ../src/mp_arith.c
Invoking: ARM v7 gcc compiler
arm-none-eabi-gcc -Wall -O0 -g3 -c -fmessage-length=0 -MT"src/mp_arith.o" -mcpu=cortex-a9 -mfpu=vfpv3 -mfloat-abi=hard -I../../hw_bsp/ps7_cortexa9_0/include -MMD -MP -MF"src/mp_arith.d" -MT"src/mp_arith.o" -o "src/mp_arith.o" "../src/mp_arith.c"
../src/mp_arith.c: In function 'mp_sub':
../src/mp_arith.c:32:50: warning: left shift count >= width of type [-Wshift-count-overflow]
    (uint64_t) a[i]=(uint64_t) a[i]+ (uint64_t) (1<<32);
                                                  ^~
../src/mp_arith.c:32:19: error: lvalue required as left operand of assignment
    (uint64_t) a[i]=(uint64_t) a[i]+ (uint64_t) (1<<32);
                   ^
../src/mp_arith.c:33:20: error: lvalue required as left operand of assignment
    (uint64_t)res[i]=(uint64_t)a[i]-(uint64_t)b[i];
                    ^
make[1]: *** [src/mp_arith.o] Error 1
make[1]: Leaving directory `/users/students/r0767980/Documents/DDP/SW/SW2/package/sw_project/project_sw/sw_design/Debug'
18:35:10 **** Incremental Build of configuration Debug for project sw_design ****
make pre-build main-build 
make[1]: Entering directory `/users/students/r0767980/Documents/DDP/SW/SW2/package/sw_project/project_sw/sw_design/Debug'
a9-linaro-pre-build-step
 
Building file: ../src/mp_arith.c
Invoking: ARM v7 gcc compiler
arm-none-eabi-gcc -Wall -O0 -g3 -c -fmessage-length=0 -MT"src/mp_arith.o" -mcpu=cortex-a9 -mfpu=vfpv3 -mfloat-abi=hard -I../../hw_bsp/ps7_cortexa9_0/include -MMD -MP -MF"src/mp_arith.d" -MT"src/mp_arith.o" -o "src/mp_arith.o" "../src/mp_arith.c"
../src/mp_arith.c: In function 'mp_sub':
../src/mp_arith.c:32:21: warning: left shift count >= width of type [-Wshift-count-overflow]
    uint64_t carry =1<<32;
                     ^~
../src/mp_arith.c:33:19: error: lvalue required as left operand of assignment
    (uint64_t) a[i]=(uint64_t) a[i]+ (carry);
                   ^
../src/mp_arith.c:34:20: error: lvalue required as left operand of assignment
    (uint64_t)res[i]=(uint64_t)a[i]-(uint64_t)b[i];
                    ^
make[1]: *** [src/mp_arith.o] Error 1
make[1]: Leaving directory `/users/students/r0767980/Documents/DDP/SW/SW2/package/sw_project/project_sw/sw_design/Debug'
18:35:50 **** Incremental Build of configuration Debug for project sw_design ****
make pre-build main-build 
make[1]: Entering directory `/users/students/r0767980/Documents/DDP/SW/SW2/package/sw_project/project_sw/sw_design/Debug'
a9-linaro-pre-build-step
 
Building file: ../src/mp_arith.c
Invoking: ARM v7 gcc compiler
arm-none-eabi-gcc -Wall -O0 -g3 -c -fmessage-length=0 -MT"src/mp_arith.o" -mcpu=cortex-a9 -mfpu=vfpv3 -mfloat-abi=hard -I../../hw_bsp/ps7_cortexa9_0/include -MMD -MP -MF"src/mp_arith.d" -MT"src/mp_arith.o" -o "src/mp_arith.o" "../src/mp_arith.c"
../src/mp_arith.c: In function 'mp_sub':
../src/mp_arith.c:34:19: error: lvalue required as left operand of assignment
    (uint64_t) a[i]=(uint64_t) a[i]+ (carry);
                   ^
../src/mp_arith.c:35:20: error: lvalue required as left operand of assignment
    (uint64_t)res[i]=(uint64_t)a[i]-(uint64_t)b[i];
                    ^
make[1]: *** [src/mp_arith.o] Error 1
make[1]: Leaving directory `/users/students/r0767980/Documents/DDP/SW/SW2/package/sw_project/project_sw/sw_design/Debug'
18:36:34 **** Incremental Build of configuration Debug for project sw_design ****
make pre-build main-build 
make[1]: Entering directory `/users/students/r0767980/Documents/DDP/SW/SW2/package/sw_project/project_sw/sw_design/Debug'
a9-linaro-pre-build-step
 
Building file: ../src/mp_arith.c
Invoking: ARM v7 gcc compiler
arm-none-eabi-gcc -Wall -O0 -g3 -c -fmessage-length=0 -MT"src/mp_arith.o" -mcpu=cortex-a9 -mfpu=vfpv3 -mfloat-abi=hard -I../../hw_bsp/ps7_cortexa9_0/include -MMD -MP -MF"src/mp_arith.d" -MT"src/mp_arith.o" -o "src/mp_arith.o" "../src/mp_arith.c"
../src/mp_arith.c: In function 'mp_sub':
../src/mp_arith.c:34:4: warning: cast from pointer to integer of different size [-Wpointer-to-int-cast]
    (uint64_t) a=(uint64_t) a[i]+ (carry);
    ^
../src/mp_arith.c:34:16: error: lvalue required as left operand of assignment
    (uint64_t) a=(uint64_t) a[i]+ (carry);
                ^
../src/mp_arith.c:35:20: error: lvalue required as left operand of assignment
    (uint64_t)res[i]=a-(uint64_t)b[i];
                    ^
make[1]: *** [src/mp_arith.o] Error 1
make[1]: Leaving directory `/users/students/r0767980/Documents/DDP/SW/SW2/package/sw_project/project_sw/sw_design/Debug'
18:41:36 **** Incremental Build of configuration Debug for project sw_design ****
make pre-build main-build 
make[1]: Entering directory `/users/students/r0767980/Documents/DDP/SW/SW2/package/sw_project/project_sw/sw_design/Debug'
a9-linaro-pre-build-step
 
Building file: ../src/mp_arith.c
Invoking: ARM v7 gcc compiler
arm-none-eabi-gcc -Wall -O0 -g3 -c -fmessage-length=0 -MT"src/mp_arith.o" -mcpu=cortex-a9 -mfpu=vfpv3 -mfloat-abi=hard -I../../hw_bsp/ps7_cortexa9_0/include -MMD -MP -MF"src/mp_arith.d" -MT"src/mp_arith.o" -o "src/mp_arith.o" "../src/mp_arith.c"
../src/mp_arith.c: In function 'mp_sub':
../src/mp_arith.c:34:4: warning: cast from pointer to integer of different size [-Wpointer-to-int-cast]
    (uint64_t)a=(uint64_t)a[i]+ (uint64_t)(carry);
make[1]: Leaving directory `/users/students/r0767980/Documents/DDP/SW/SW2/package/sw_project/project_sw/sw_design/Debug'
    ^
../src/mp_arith.c:34:15: error: lvalue required as left operand of assignment
    (uint64_t)a=(uint64_t)a[i]+ (uint64_t)(carry);
               ^
../src/mp_arith.c:35:20: error: lvalue required as left operand of assignment
    (uint64_t)res[i]=a-(uint64_t)b[i];
                    ^
make[1]: *** [src/mp_arith.o] Error 1
18:42:04 **** Incremental Build of configuration Debug for project sw_design ****
make pre-build main-build 
make[1]: Entering directory `/users/students/r0767980/Documents/DDP/SW/SW2/package/sw_project/project_sw/sw_design/Debug'
a9-linaro-pre-build-step
 
Building file: ../src/mp_arith.c
Invoking: ARM v7 gcc compiler
arm-none-eabi-gcc -Wall -O0 -g3 -c -fmessage-length=0 -MT"src/mp_arith.o" -mcpu=cortex-a9 -mfpu=vfpv3 -mfloat-abi=hard -I../../hw_bsp/ps7_cortexa9_0/include -MMD -MP -MF"src/mp_arith.d" -MT"src/mp_arith.o" -o "src/mp_arith.o" "../src/mp_arith.c"
../src/mp_arith.c: In function 'mp_sub':
../src/mp_arith.c:34:4: warning: cast from pointer to integer of different size [-Wpointer-to-int-cast]
    (uint64_t)a=(uint64_t)a[i]+ (uint64_t)(carry);
make[1]: Leaving directory `/users/students/r0767980/Documents/DDP/SW/SW2/package/sw_project/project_sw/sw_design/Debug'
    ^
../src/mp_arith.c:34:15: error: lvalue required as left operand of assignment
    (uint64_t)a=(uint64_t)a[i]+ (uint64_t)(carry);
               ^
../src/mp_arith.c:35:21: warning: cast from pointer to integer of different size [-Wpointer-to-int-cast]
    (uint64_t)res[i]=(uint64_t)a-(uint64_t)b[i];
                     ^
../src/mp_arith.c:35:20: error: lvalue required as left operand of assignment
    (uint64_t)res[i]=(uint64_t)a-(uint64_t)b[i];
                    ^
make[1]: *** [src/mp_arith.o] Error 1
18:42:10 **** Clean-only build of configuration Debug for project sw_design ****
make clean 
make[1]: Entering directory `/users/students/r0767980/Documents/DDP/SW/SW2/package/sw_project/project_sw/sw_design/Debug'
rm -rf  ./src/platform/interface.o ./src/platform/platform.o  ./src/asm_func.o ./src/main.o ./src/montgomery.o ./src/mp_arith.o ./src/warmup.o  ./src/asm_func.d  ./src/platform/interface.d ./src/platform/platform.d  ./src/main.d ./src/montgomery.d ./src/mp_arith.d ./src/warmup.d  sw_design.elf.size  sw_design.elf
 
make[1]: Leaving directory `/users/students/r0767980/Documents/DDP/SW/SW2/package/sw_project/project_sw/sw_design/Debug'
18:42:10 **** Clean-only build of project hw_bsp ****
make -k clean 
make[1]: Entering directory `/users/students/r0767980/Documents/DDP/SW/SW2/package/sw_project/project_sw/hw_bsp'
make -C ps7_cortexa9_0/libsrc/dmaps_v2_3/src -s clean 
make[2]: Entering directory `/users/students/r0767980/Documents/DDP/SW/SW2/package/sw_project/project_sw/hw_bsp/ps7_cortexa9_0/libsrc/dmaps_v2_3/src'
make[2]: Leaving directory `/users/students/r0767980/Documents/DDP/SW/SW2/package/sw_project/project_sw/hw_bsp/ps7_cortexa9_0/libsrc/dmaps_v2_3/src'
make -C ps7_cortexa9_0/libsrc/ddrps_v1_0/src -s clean 
make[2]: Entering directory `/users/students/r0767980/Documents/DDP/SW/SW2/package/sw_project/project_sw/hw_bsp/ps7_cortexa9_0/libsrc/ddrps_v1_0/src'
make[2]: Leaving directory `/users/students/r0767980/Documents/DDP/SW/SW2/package/sw_project/project_sw/hw_bsp/ps7_cortexa9_0/libsrc/ddrps_v1_0/src'
make -C ps7_cortexa9_0/libsrc/qspips_v3_4/src -s clean 
make[2]: Entering directory `/users/students/r0767980/Documents/DDP/SW/SW2/package/sw_project/project_sw/hw_bsp/ps7_cortexa9_0/libsrc/qspips_v3_4/src'
make[2]: Leaving directory `/users/students/r0767980/Documents/DDP/SW/SW2/package/sw_project/project_sw/hw_bsp/ps7_cortexa9_0/libsrc/qspips_v3_4/src'
make -C ps7_cortexa9_0/libsrc/standalone_v6_7/src -s clean 
make[2]: Entering directory `/users/students/r0767980/Documents/DDP/SW/SW2/package/sw_project/project_sw/hw_bsp/ps7_cortexa9_0/libsrc/standalone_v6_7/src'
make[3]: Entering directory `/users/students/r0767980/Documents/DDP/SW/SW2/package/sw_project/project_sw/hw_bsp/ps7_cortexa9_0/libsrc/standalone_v6_7/src/profile'
make[3]: Leaving directory `/users/students/r0767980/Documents/DDP/SW/SW2/package/sw_project/project_sw/hw_bsp/ps7_cortexa9_0/libsrc/standalone_v6_7/src/profile'
make[2]: Leaving directory `/users/students/r0767980/Documents/DDP/SW/SW2/package/sw_project/project_sw/hw_bsp/ps7_cortexa9_0/libsrc/standalone_v6_7/src'
make -C ps7_cortexa9_0/libsrc/gpiops_v3_3/src -s clean 
make[2]: Entering directory `/users/students/r0767980/Documents/DDP/SW/SW2/package/sw_project/project_sw/hw_bsp/ps7_cortexa9_0/libsrc/gpiops_v3_3/src'
make[2]: Leaving directory `/users/students/r0767980/Documents/DDP/SW/SW2/package/sw_project/project_sw/hw_bsp/ps7_cortexa9_0/libsrc/gpiops_v3_3/src'
make -C ps7_cortexa9_0/libsrc/emacps_v3_7/src -s clean 
make[2]: Entering directory `/users/students/r0767980/Documents/DDP/SW/SW2/package/sw_project/project_sw/hw_bsp/ps7_cortexa9_0/libsrc/emacps_v3_7/src'
make[2]: Leaving directory `/users/students/r0767980/Documents/DDP/SW/SW2/package/sw_project/project_sw/hw_bsp/ps7_cortexa9_0/libsrc/emacps_v3_7/src'
make -C ps7_cortexa9_0/libsrc/devcfg_v3_5/src -s clean 
make[2]: Entering directory `/users/students/r0767980/Documents/DDP/SW/SW2/package/sw_project/project_sw/hw_bsp/ps7_cortexa9_0/libsrc/devcfg_v3_5/src'
make[2]: Leaving directory `/users/students/r0767980/Documents/DDP/SW/SW2/package/sw_project/project_sw/hw_bsp/ps7_cortexa9_0/libsrc/devcfg_v3_5/src'
make -C ps7_cortexa9_0/libsrc/scugic_v3_9/src -s clean 
make[2]: Entering directory `/users/students/r0767980/Documents/DDP/SW/SW2/package/sw_project/project_sw/hw_bsp/ps7_cortexa9_0/libsrc/scugic_v3_9/src'
make[2]: Leaving directory `/users/students/r0767980/Documents/DDP/SW/SW2/package/sw_project/project_sw/hw_bsp/ps7_cortexa9_0/libsrc/scugic_v3_9/src'
make -C ps7_cortexa9_0/libsrc/uartps_v3_6/src -s clean 
make[2]: Entering directory `/users/students/r0767980/Documents/DDP/SW/SW2/package/sw_project/project_sw/hw_bsp/ps7_cortexa9_0/libsrc/uartps_v3_6/src'
make[2]: Leaving directory `/users/students/r0767980/Documents/DDP/SW/SW2/package/sw_project/project_sw/hw_bsp/ps7_cortexa9_0/libsrc/uartps_v3_6/src'
make -C ps7_cortexa9_0/libsrc/axidma_v9_7/src -s clean 
make[2]: Entering directory `/users/students/r0767980/Documents/DDP/SW/SW2/package/sw_project/project_sw/hw_bsp/ps7_cortexa9_0/libsrc/axidma_v9_7/src'
make[2]: Leaving directory `/users/students/r0767980/Documents/DDP/SW/SW2/package/sw_project/project_sw/hw_bsp/ps7_cortexa9_0/libsrc/axidma_v9_7/src'
make -C ps7_cortexa9_0/libsrc/xadcps_v2_2/src -s clean 
make[2]: Entering directory `/users/students/r0767980/Documents/DDP/SW/SW2/package/sw_project/project_sw/hw_bsp/ps7_cortexa9_0/libsrc/xadcps_v2_2/src'
make[2]: Leaving directory `/users/students/r0767980/Documents/DDP/SW/SW2/package/sw_project/project_sw/hw_bsp/ps7_cortexa9_0/libsrc/xadcps_v2_2/src'
make -C ps7_cortexa9_0/libsrc/cpu_cortexa9_v2_6/src -s clean 
make[2]: Entering directory `/users/students/r0767980/Documents/DDP/SW/SW2/package/sw_project/project_sw/hw_bsp/ps7_cortexa9_0/libsrc/cpu_cortexa9_v2_6/src'
make[2]: Leaving directory `/users/students/r0767980/Documents/DDP/SW/SW2/package/sw_project/project_sw/hw_bsp/ps7_cortexa9_0/libsrc/cpu_cortexa9_v2_6/src'
make -C ps7_cortexa9_0/libsrc/scuwdt_v2_1/src -s clean 
make[2]: Entering directory `/users/students/r0767980/Documents/DDP/SW/SW2/package/sw_project/project_sw/hw_bsp/ps7_cortexa9_0/libsrc/scuwdt_v2_1/src'
make[2]: Leaving directory `/users/students/r0767980/Documents/DDP/SW/SW2/package/sw_project/project_sw/hw_bsp/ps7_cortexa9_0/libsrc/scuwdt_v2_1/src'
make -C ps7_cortexa9_0/libsrc/ttcps_v3_6/src -s clean 
make[2]: Entering directory `/users/students/r0767980/Documents/DDP/SW/SW2/package/sw_project/project_sw/hw_bsp/ps7_cortexa9_0/libsrc/ttcps_v3_6/src'
make[2]: Leaving directory `/users/students/r0767980/Documents/DDP/SW/SW2/package/sw_project/project_sw/hw_bsp/ps7_cortexa9_0/libsrc/ttcps_v3_6/src'
make -C ps7_cortexa9_0/libsrc/sdps_v3_5/src -s clean 
make[2]: Entering directory `/users/students/r0767980/Documents/DDP/SW/SW2/package/sw_project/project_sw/hw_bsp/ps7_cortexa9_0/libsrc/sdps_v3_5/src'
make[2]: Leaving directory `/users/students/r0767980/Documents/DDP/SW/SW2/package/sw_project/project_sw/hw_bsp/ps7_cortexa9_0/libsrc/sdps_v3_5/src'
make -C ps7_cortexa9_0/libsrc/usbps_v2_4/src -s clean 
make[2]: Entering directory `/users/students/r0767980/Documents/DDP/SW/SW2/package/sw_project/project_sw/hw_bsp/ps7_cortexa9_0/libsrc/usbps_v2_4/src'
make[2]: Leaving directory `/users/students/r0767980/Documents/DDP/SW/SW2/package/sw_project/project_sw/hw_bsp/ps7_cortexa9_0/libsrc/usbps_v2_4/src'
make -C ps7_cortexa9_0/libsrc/coresightps_dcc_v1_4/src -s clean 
make[2]: Entering directory `/users/students/r0767980/Documents/DDP/SW/SW2/package/sw_project/project_sw/hw_bsp/ps7_cortexa9_0/libsrc/coresightps_dcc_v1_4/src'
make[2]: Leaving directory `/users/students/r0767980/Documents/DDP/SW/SW2/package/sw_project/project_sw/hw_bsp/ps7_cortexa9_0/libsrc/coresightps_dcc_v1_4/src'
make -C ps7_cortexa9_0/libsrc/scutimer_v2_1/src -s clean 
make[2]: Entering directory `/users/students/r0767980/Documents/DDP/SW/SW2/package/sw_project/project_sw/hw_bsp/ps7_cortexa9_0/libsrc/scutimer_v2_1/src'
make[2]: Leaving directory `/users/students/r0767980/Documents/DDP/SW/SW2/package/sw_project/project_sw/hw_bsp/ps7_cortexa9_0/libsrc/scutimer_v2_1/src'
rm -f ps7_cortexa9_0/lib/libxil.a
make[1]: Leaving directory `/users/students/r0767980/Documents/DDP/SW/SW2/package/sw_project/project_sw/hw_bsp'
18:42:11 **** Build of project hw_bsp ****
make -k all 
make[1]: Entering directory `/users/students/r0767980/Documents/DDP/SW/SW2/package/sw_project/project_sw/hw_bsp'
Running Make include in ps7_cortexa9_0/libsrc/dmaps_v2_3/src
make -C ps7_cortexa9_0/libsrc/dmaps_v2_3/src -s include  "SHELL=/bin/sh" "COMPILER=arm-none-eabi-gcc" "ARCHIVER=arm-none-eabi-ar" "COMPILER_FLAGS=  -O2 -c" "EXTRA_COMPILER_FLAGS=-mcpu=cortex-a9 -mfpu=vfpv3 -mfloat-abi=hard -nostartfiles -g -Wall -Wextra"
make[2]: Entering directory `/users/students/r0767980/Documents/DDP/SW/SW2/package/sw_project/project_sw/hw_bsp/ps7_cortexa9_0/libsrc/dmaps_v2_3/src'
make[2]: Leaving directory `/users/students/r0767980/Documents/DDP/SW/SW2/package/sw_project/project_sw/hw_bsp/ps7_cortexa9_0/libsrc/dmaps_v2_3/src'
Running Make include in ps7_cortexa9_0/libsrc/ddrps_v1_0/src
make -C ps7_cortexa9_0/libsrc/ddrps_v1_0/src -s include  "SHELL=/bin/sh" "COMPILER=arm-none-eabi-gcc" "ARCHIVER=arm-none-eabi-ar" "COMPILER_FLAGS=  -O2 -c" "EXTRA_COMPILER_FLAGS=-mcpu=cortex-a9 -mfpu=vfpv3 -mfloat-abi=hard -nostartfiles -g -Wall -Wextra"
make[2]: Entering directory `/users/students/r0767980/Documents/DDP/SW/SW2/package/sw_project/project_sw/hw_bsp/ps7_cortexa9_0/libsrc/ddrps_v1_0/src'
make[2]: Leaving directory `/users/students/r0767980/Documents/DDP/SW/SW2/package/sw_project/project_sw/hw_bsp/ps7_cortexa9_0/libsrc/ddrps_v1_0/src'
Running Make include in ps7_cortexa9_0/libsrc/qspips_v3_4/src
make -C ps7_cortexa9_0/libsrc/qspips_v3_4/src -s include  "SHELL=/bin/sh" "COMPILER=arm-none-eabi-gcc" "ARCHIVER=arm-none-eabi-ar" "COMPILER_FLAGS=  -O2 -c" "EXTRA_COMPILER_FLAGS=-mcpu=cortex-a9 -mfpu=vfpv3 -mfloat-abi=hard -nostartfiles -g -Wall -Wextra"
make[2]: Entering directory `/users/students/r0767980/Documents/DDP/SW/SW2/package/sw_project/project_sw/hw_bsp/ps7_cortexa9_0/libsrc/qspips_v3_4/src'
make[2]: Leaving directory `/users/students/r0767980/Documents/DDP/SW/SW2/package/sw_project/project_sw/hw_bsp/ps7_cortexa9_0/libsrc/qspips_v3_4/src'
Running Make include in ps7_cortexa9_0/libsrc/standalone_v6_7/src
make -C ps7_cortexa9_0/libsrc/standalone_v6_7/src -s include  "SHELL=/bin/sh" "COMPILER=arm-none-eabi-gcc" "ARCHIVER=arm-none-eabi-ar" "COMPILER_FLAGS=  -O2 -c" "EXTRA_COMPILER_FLAGS=-mcpu=cortex-a9 -mfpu=vfpv3 -mfloat-abi=hard -nostartfiles -g -Wall -Wextra"
make[2]: Entering directory `/users/students/r0767980/Documents/DDP/SW/SW2/package/sw_project/project_sw/hw_bsp/ps7_cortexa9_0/libsrc/standalone_v6_7/src'
make[3]: Entering directory `/users/students/r0767980/Documents/DDP/SW/SW2/package/sw_project/project_sw/hw_bsp/ps7_cortexa9_0/libsrc/standalone_v6_7/src/profile'
make[3]: Leaving directory `/users/students/r0767980/Documents/DDP/SW/SW2/package/sw_project/project_sw/hw_bsp/ps7_cortexa9_0/libsrc/standalone_v6_7/src/profile'
make[2]: Leaving directory `/users/students/r0767980/Documents/DDP/SW/SW2/package/sw_project/project_sw/hw_bsp/ps7_cortexa9_0/libsrc/standalone_v6_7/src'
Running Make include in ps7_cortexa9_0/libsrc/gpiops_v3_3/src
make -C ps7_cortexa9_0/libsrc/gpiops_v3_3/src -s include  "SHELL=/bin/sh" "COMPILER=arm-none-eabi-gcc" "ARCHIVER=arm-none-eabi-ar" "COMPILER_FLAGS=  -O2 -c" "EXTRA_COMPILER_FLAGS=-mcpu=cortex-a9 -mfpu=vfpv3 -mfloat-abi=hard -nostartfiles -g -Wall -Wextra"
make[2]: Entering directory `/users/students/r0767980/Documents/DDP/SW/SW2/package/sw_project/project_sw/hw_bsp/ps7_cortexa9_0/libsrc/gpiops_v3_3/src'
make[2]: Leaving directory `/users/students/r0767980/Documents/DDP/SW/SW2/package/sw_project/project_sw/hw_bsp/ps7_cortexa9_0/libsrc/gpiops_v3_3/src'
Running Make include in ps7_cortexa9_0/libsrc/emacps_v3_7/src
make -C ps7_cortexa9_0/libsrc/emacps_v3_7/src -s include  "SHELL=/bin/sh" "COMPILER=arm-none-eabi-gcc" "ARCHIVER=arm-none-eabi-ar" "COMPILER_FLAGS=  -O2 -c" "EXTRA_COMPILER_FLAGS=-mcpu=cortex-a9 -mfpu=vfpv3 -mfloat-abi=hard -nostartfiles -g -Wall -Wextra"
make[2]: Entering directory `/users/students/r0767980/Documents/DDP/SW/SW2/package/sw_project/project_sw/hw_bsp/ps7_cortexa9_0/libsrc/emacps_v3_7/src'
make[2]: Leaving directory `/users/students/r0767980/Documents/DDP/SW/SW2/package/sw_project/project_sw/hw_bsp/ps7_cortexa9_0/libsrc/emacps_v3_7/src'
Running Make include in ps7_cortexa9_0/libsrc/devcfg_v3_5/src
make -C ps7_cortexa9_0/libsrc/devcfg_v3_5/src -s include  "SHELL=/bin/sh" "COMPILER=arm-none-eabi-gcc" "ARCHIVER=arm-none-eabi-ar" "COMPILER_FLAGS=  -O2 -c" "EXTRA_COMPILER_FLAGS=-mcpu=cortex-a9 -mfpu=vfpv3 -mfloat-abi=hard -nostartfiles -g -Wall -Wextra"
make[2]: Entering directory `/users/students/r0767980/Documents/DDP/SW/SW2/package/sw_project/project_sw/hw_bsp/ps7_cortexa9_0/libsrc/devcfg_v3_5/src'
make[2]: Leaving directory `/users/students/r0767980/Documents/DDP/SW/SW2/package/sw_project/project_sw/hw_bsp/ps7_cortexa9_0/libsrc/devcfg_v3_5/src'
Running Make include in ps7_cortexa9_0/libsrc/scugic_v3_9/src
make -C ps7_cortexa9_0/libsrc/scugic_v3_9/src -s include  "SHELL=/bin/sh" "COMPILER=arm-none-eabi-gcc" "ARCHIVER=arm-none-eabi-ar" "COMPILER_FLAGS=  -O2 -c" "EXTRA_COMPILER_FLAGS=-mcpu=cortex-a9 -mfpu=vfpv3 -mfloat-abi=hard -nostartfiles -g -Wall -Wextra"
make[2]: Entering directory `/users/students/r0767980/Documents/DDP/SW/SW2/package/sw_project/project_sw/hw_bsp/ps7_cortexa9_0/libsrc/scugic_v3_9/src'
make[2]: Leaving directory `/users/students/r0767980/Documents/DDP/SW/SW2/package/sw_project/project_sw/hw_bsp/ps7_cortexa9_0/libsrc/scugic_v3_9/src'
Running Make include in ps7_cortexa9_0/libsrc/uartps_v3_6/src
make -C ps7_cortexa9_0/libsrc/uartps_v3_6/src -s include  "SHELL=/bin/sh" "COMPILER=arm-none-eabi-gcc" "ARCHIVER=arm-none-eabi-ar" "COMPILER_FLAGS=  -O2 -c" "EXTRA_COMPILER_FLAGS=-mcpu=cortex-a9 -mfpu=vfpv3 -mfloat-abi=hard -nostartfiles -g -Wall -Wextra"
make[2]: Entering directory `/users/students/r0767980/Documents/DDP/SW/SW2/package/sw_project/project_sw/hw_bsp/ps7_cortexa9_0/libsrc/uartps_v3_6/src'
make[2]: Leaving directory `/users/students/r0767980/Documents/DDP/SW/SW2/package/sw_project/project_sw/hw_bsp/ps7_cortexa9_0/libsrc/uartps_v3_6/src'
Running Make include in ps7_cortexa9_0/libsrc/axidma_v9_7/src
make -C ps7_cortexa9_0/libsrc/axidma_v9_7/src -s include  "SHELL=/bin/sh" "COMPILER=arm-none-eabi-gcc" "ARCHIVER=arm-none-eabi-ar" "COMPILER_FLAGS=  -O2 -c" "EXTRA_COMPILER_FLAGS=-mcpu=cortex-a9 -mfpu=vfpv3 -mfloat-abi=hard -nostartfiles -g -Wall -Wextra"
make[2]: Entering directory `/users/students/r0767980/Documents/DDP/SW/SW2/package/sw_project/project_sw/hw_bsp/ps7_cortexa9_0/libsrc/axidma_v9_7/src'
make[2]: Leaving directory `/users/students/r0767980/Documents/DDP/SW/SW2/package/sw_project/project_sw/hw_bsp/ps7_cortexa9_0/libsrc/axidma_v9_7/src'
Running Make include in ps7_cortexa9_0/libsrc/xadcps_v2_2/src
make -C ps7_cortexa9_0/libsrc/xadcps_v2_2/src -s include  "SHELL=/bin/sh" "COMPILER=arm-none-eabi-gcc" "ARCHIVER=arm-none-eabi-ar" "COMPILER_FLAGS=  -O2 -c" "EXTRA_COMPILER_FLAGS=-mcpu=cortex-a9 -mfpu=vfpv3 -mfloat-abi=hard -nostartfiles -g -Wall -Wextra"
make[2]: Entering directory `/users/students/r0767980/Documents/DDP/SW/SW2/package/sw_project/project_sw/hw_bsp/ps7_cortexa9_0/libsrc/xadcps_v2_2/src'
make[2]: Leaving directory `/users/students/r0767980/Documents/DDP/SW/SW2/package/sw_project/project_sw/hw_bsp/ps7_cortexa9_0/libsrc/xadcps_v2_2/src'
Running Make include in ps7_cortexa9_0/libsrc/cpu_cortexa9_v2_6/src
make -C ps7_cortexa9_0/libsrc/cpu_cortexa9_v2_6/src -s include  "SHELL=/bin/sh" "COMPILER=arm-none-eabi-gcc" "ARCHIVER=arm-none-eabi-ar" "COMPILER_FLAGS=  -O2 -c" "EXTRA_COMPILER_FLAGS=-mcpu=cortex-a9 -mfpu=vfpv3 -mfloat-abi=hard -nostartfiles -g -Wall -Wextra"
make[2]: Entering directory `/users/students/r0767980/Documents/DDP/SW/SW2/package/sw_project/project_sw/hw_bsp/ps7_cortexa9_0/libsrc/cpu_cortexa9_v2_6/src'
make[2]: Leaving directory `/users/students/r0767980/Documents/DDP/SW/SW2/package/sw_project/project_sw/hw_bsp/ps7_cortexa9_0/libsrc/cpu_cortexa9_v2_6/src'
Running Make include in ps7_cortexa9_0/libsrc/scuwdt_v2_1/src
make -C ps7_cortexa9_0/libsrc/scuwdt_v2_1/src -s include  "SHELL=/bin/sh" "COMPILER=arm-none-eabi-gcc" "ARCHIVER=arm-none-eabi-ar" "COMPILER_FLAGS=  -O2 -c" "EXTRA_COMPILER_FLAGS=-mcpu=cortex-a9 -mfpu=vfpv3 -mfloat-abi=hard -nostartfiles -g -Wall -Wextra"
make[2]: Entering directory `/users/students/r0767980/Documents/DDP/SW/SW2/package/sw_project/project_sw/hw_bsp/ps7_cortexa9_0/libsrc/scuwdt_v2_1/src'
make[2]: Leaving directory `/users/students/r0767980/Documents/DDP/SW/SW2/package/sw_project/project_sw/hw_bsp/ps7_cortexa9_0/libsrc/scuwdt_v2_1/src'
Running Make include in ps7_cortexa9_0/libsrc/ttcps_v3_6/src
make -C ps7_cortexa9_0/libsrc/ttcps_v3_6/src -s include  "SHELL=/bin/sh" "COMPILER=arm-none-eabi-gcc" "ARCHIVER=arm-none-eabi-ar" "COMPILER_FLAGS=  -O2 -c" "EXTRA_COMPILER_FLAGS=-mcpu=cortex-a9 -mfpu=vfpv3 -mfloat-abi=hard -nostartfiles -g -Wall -Wextra"
make[2]: Entering directory `/users/students/r0767980/Documents/DDP/SW/SW2/package/sw_project/project_sw/hw_bsp/ps7_cortexa9_0/libsrc/ttcps_v3_6/src'
make[2]: Leaving directory `/users/students/r0767980/Documents/DDP/SW/SW2/package/sw_project/project_sw/hw_bsp/ps7_cortexa9_0/libsrc/ttcps_v3_6/src'
Running Make include in ps7_cortexa9_0/libsrc/sdps_v3_5/src
make -C ps7_cortexa9_0/libsrc/sdps_v3_5/src -s include  "SHELL=/bin/sh" "COMPILER=arm-none-eabi-gcc" "ARCHIVER=arm-none-eabi-ar" "COMPILER_FLAGS=  -O2 -c" "EXTRA_COMPILER_FLAGS=-mcpu=cortex-a9 -mfpu=vfpv3 -mfloat-abi=hard -nostartfiles -g -Wall -Wextra"
make[2]: Entering directory `/users/students/r0767980/Documents/DDP/SW/SW2/package/sw_project/project_sw/hw_bsp/ps7_cortexa9_0/libsrc/sdps_v3_5/src'
make[2]: Leaving directory `/users/students/r0767980/Documents/DDP/SW/SW2/package/sw_project/project_sw/hw_bsp/ps7_cortexa9_0/libsrc/sdps_v3_5/src'
Running Make include in ps7_cortexa9_0/libsrc/usbps_v2_4/src
make -C ps7_cortexa9_0/libsrc/usbps_v2_4/src -s include  "SHELL=/bin/sh" "COMPILER=arm-none-eabi-gcc" "ARCHIVER=arm-none-eabi-ar" "COMPILER_FLAGS=  -O2 -c" "EXTRA_COMPILER_FLAGS=-mcpu=cortex-a9 -mfpu=vfpv3 -mfloat-abi=hard -nostartfiles -g -Wall -Wextra"
make[2]: Entering directory `/users/students/r0767980/Documents/DDP/SW/SW2/package/sw_project/project_sw/hw_bsp/ps7_cortexa9_0/libsrc/usbps_v2_4/src'
make[2]: Leaving directory `/users/students/r0767980/Documents/DDP/SW/SW2/package/sw_project/project_sw/hw_bsp/ps7_cortexa9_0/libsrc/usbps_v2_4/src'
Running Make include in ps7_cortexa9_0/libsrc/coresightps_dcc_v1_4/src
make -C ps7_cortexa9_0/libsrc/coresightps_dcc_v1_4/src -s include  "SHELL=/bin/sh" "COMPILER=arm-none-eabi-gcc" "ARCHIVER=arm-none-eabi-ar" "COMPILER_FLAGS=  -O2 -c" "EXTRA_COMPILER_FLAGS=-mcpu=cortex-a9 -mfpu=vfpv3 -mfloat-abi=hard -nostartfiles -g -Wall -Wextra"
make[2]: Entering directory `/users/students/r0767980/Documents/DDP/SW/SW2/package/sw_project/project_sw/hw_bsp/ps7_cortexa9_0/libsrc/coresightps_dcc_v1_4/src'
make[2]: Leaving directory `/users/students/r0767980/Documents/DDP/SW/SW2/package/sw_project/project_sw/hw_bsp/ps7_cortexa9_0/libsrc/coresightps_dcc_v1_4/src'
Running Make include in ps7_cortexa9_0/libsrc/scutimer_v2_1/src
make -C ps7_cortexa9_0/libsrc/scutimer_v2_1/src -s include  "SHELL=/bin/sh" "COMPILER=arm-none-eabi-gcc" "ARCHIVER=arm-none-eabi-ar" "COMPILER_FLAGS=  -O2 -c" "EXTRA_COMPILER_FLAGS=-mcpu=cortex-a9 -mfpu=vfpv3 -mfloat-abi=hard -nostartfiles -g -Wall -Wextra"
make[2]: Entering directory `/users/students/r0767980/Documents/DDP/SW/SW2/package/sw_project/project_sw/hw_bsp/ps7_cortexa9_0/libsrc/scutimer_v2_1/src'
make[2]: Leaving directory `/users/students/r0767980/Documents/DDP/SW/SW2/package/sw_project/project_sw/hw_bsp/ps7_cortexa9_0/libsrc/scutimer_v2_1/src'
Running Make libs in ps7_cortexa9_0/libsrc/dmaps_v2_3/src
make -C ps7_cortexa9_0/libsrc/dmaps_v2_3/src -s libs  "SHELL=/bin/sh" "COMPILER=arm-none-eabi-gcc" "ARCHIVER=arm-none-eabi-ar" "COMPILER_FLAGS=  -O2 -c" "EXTRA_COMPILER_FLAGS=-mcpu=cortex-a9 -mfpu=vfpv3 -mfloat-abi=hard -nostartfiles -g -Wall -Wextra"
make[2]: Entering directory `/users/students/r0767980/Documents/DDP/SW/SW2/package/sw_project/project_sw/hw_bsp/ps7_cortexa9_0/libsrc/dmaps_v2_3/src'
Compiling dmaps
arm-none-eabi-ar: creating ../../../lib/libxil.a
make[2]: Leaving directory `/users/students/r0767980/Documents/DDP/SW/SW2/package/sw_project/project_sw/hw_bsp/ps7_cortexa9_0/libsrc/dmaps_v2_3/src'
Running Make libs in ps7_cortexa9_0/libsrc/ddrps_v1_0/src
make -C ps7_cortexa9_0/libsrc/ddrps_v1_0/src -s libs  "SHELL=/bin/sh" "COMPILER=arm-none-eabi-gcc" "ARCHIVER=arm-none-eabi-ar" "COMPILER_FLAGS=  -O2 -c" "EXTRA_COMPILER_FLAGS=-mcpu=cortex-a9 -mfpu=vfpv3 -mfloat-abi=hard -nostartfiles -g -Wall -Wextra"
make[2]: Entering directory `/users/students/r0767980/Documents/DDP/SW/SW2/package/sw_project/project_sw/hw_bsp/ps7_cortexa9_0/libsrc/ddrps_v1_0/src'
Compiling ddrps
make[2]: Leaving directory `/users/students/r0767980/Documents/DDP/SW/SW2/package/sw_project/project_sw/hw_bsp/ps7_cortexa9_0/libsrc/ddrps_v1_0/src'
Running Make libs in ps7_cortexa9_0/libsrc/qspips_v3_4/src
make -C ps7_cortexa9_0/libsrc/qspips_v3_4/src -s libs  "SHELL=/bin/sh" "COMPILER=arm-none-eabi-gcc" "ARCHIVER=arm-none-eabi-ar" "COMPILER_FLAGS=  -O2 -c" "EXTRA_COMPILER_FLAGS=-mcpu=cortex-a9 -mfpu=vfpv3 -mfloat-abi=hard -nostartfiles -g -Wall -Wextra"
make[2]: Entering directory `/users/students/r0767980/Documents/DDP/SW/SW2/package/sw_project/project_sw/hw_bsp/ps7_cortexa9_0/libsrc/qspips_v3_4/src'
Compiling qspips
make[2]: Leaving directory `/users/students/r0767980/Documents/DDP/SW/SW2/package/sw_project/project_sw/hw_bsp/ps7_cortexa9_0/libsrc/qspips_v3_4/src'
Running Make libs in ps7_cortexa9_0/libsrc/standalone_v6_7/src
make -C ps7_cortexa9_0/libsrc/standalone_v6_7/src -s libs  "SHELL=/bin/sh" "COMPILER=arm-none-eabi-gcc" "ARCHIVER=arm-none-eabi-ar" "COMPILER_FLAGS=  -O2 -c" "EXTRA_COMPILER_FLAGS=-mcpu=cortex-a9 -mfpu=vfpv3 -mfloat-abi=hard -nostartfiles -g -Wall -Wextra"
make[2]: Entering directory `/users/students/r0767980/Documents/DDP/SW/SW2/package/sw_project/project_sw/hw_bsp/ps7_cortexa9_0/libsrc/standalone_v6_7/src'
Compiling standalone
In file included from xtime_l.c:53:0:
xtime_l.h:89:9: note: #pragma message: For the sleep routines, Global timer is being used
 #pragma message ("For the sleep routines, Global timer is being used")
         ^~~~~~~
In file included from sleep.c:57:0:
xtime_l.h:89:9: note: #pragma message: For the sleep routines, Global timer is being used
 #pragma message ("For the sleep routines, Global timer is being used")
         ^~~~~~~
In file included from xil_sleeptimer.c:55:0:
xtime_l.h:89:9: note: #pragma message: For the sleep routines, Global timer is being used
 #pragma message ("For the sleep routines, Global timer is being used")
         ^~~~~~~
In file included from usleep.c:60:0:
xtime_l.h:89:9: note: #pragma message: For the sleep routines, Global timer is being used
 #pragma message ("For the sleep routines, Global timer is being used")
         ^~~~~~~
make[2]: Leaving directory `/users/students/r0767980/Documents/DDP/SW/SW2/package/sw_project/project_sw/hw_bsp/ps7_cortexa9_0/libsrc/standalone_v6_7/src'
Running Make libs in ps7_cortexa9_0/libsrc/gpiops_v3_3/src
make -C ps7_cortexa9_0/libsrc/gpiops_v3_3/src -s libs  "SHELL=/bin/sh" "COMPILER=arm-none-eabi-gcc" "ARCHIVER=arm-none-eabi-ar" "COMPILER_FLAGS=  -O2 -c" "EXTRA_COMPILER_FLAGS=-mcpu=cortex-a9 -mfpu=vfpv3 -mfloat-abi=hard -nostartfiles -g -Wall -Wextra"
make[2]: Entering directory `/users/students/r0767980/Documents/DDP/SW/SW2/package/sw_project/project_sw/hw_bsp/ps7_cortexa9_0/libsrc/gpiops_v3_3/src'
Compiling gpiops
[...]
   xil_printf("addition 0x%x + 0x%x = 0x%x \n\r ", a[i], b[i], res[i]);
   ^~~~~~~~~~
   __builtin_printf
../src/mp_arith.c: In function 'mp_add':
../src/mp_arith.c:31:24: warning: suggest parentheses around comparison in operand of '^' [-Wparentheses]
   if ((a[i]+b[i]+carry)<2^32) carry=0;
       ~~~~~~~~~~~~~~~~~^~
../src/mp_arith.c: In function 'mp_sub':
../src/mp_arith.c:51:15: warning: suggest parentheses around arithmetic in operand of '^' [-Wparentheses]
    res[i]=2^32+res[i] ;
             ~~^~~~~~~
../src/mp_arith.c: In function 'mod_add':
../src/mp_arith.c:70:16: warning: passing argument 3 of 'mp_sub' from incompatible pointer type [-Wincompatible-pointer-types]
   mp_sub(res,N,&t, size);
                ^
../src/mp_arith.c:42:6: note: expected 'uint32_t * {aka long unsigned int *}' but argument is of type 'uint32_t (*)[32] {aka long unsigned int (*)[32]}'
 void mp_sub(uint32_t *a, uint32_t *b, uint32_t *res, uint32_t size)
      ^~~~~~
Finished building: ../src/mp_arith.c
 
Building target: sw_design.elf
Invoking: ARM v7 gcc linker
arm-none-eabi-gcc -mcpu=cortex-a9 -mfpu=vfpv3 -mfloat-abi=hard -Wl,-build-id=none -specs=Xilinx.spec -Wl,-T -Wl,../src/lscript.ld -L../../hw_bsp/ps7_cortexa9_0/lib -o "sw_design.elf"  ./src/platform/interface.o ./src/platform/platform.o  ./src/asm_func.o ./src/main.o ./src/montgomery.o ./src/mp_arith.o ./src/warmup.o   -Wl,--start-group,-lxil,-lgcc,-lc,--end-group
Finished building target: sw_design.elf
 
Invoking: ARM v7 Print Size
arm-none-eabi-size sw_design.elf  |tee "sw_design.elf.size"
   text	   data	    bss	    dec	    hex	filename
  77952	   2576	  23344	 103872	  195c0	sw_design.elf
Finished building: sw_design.elf.size
 
make[1]: Leaving directory `/users/students/r0767980/Documents/DDP/SW/SW2/package/sw_project/project_sw/sw_design/Debug'
20:18:48 **** Incremental Build of configuration Debug for project sw_design ****
make pre-build main-build 
make[1]: Entering directory `/users/students/r0767980/Documents/DDP/SW/SW2/package/sw_project/project_sw/sw_design/Debug'
a9-linaro-pre-build-step
 
make[1]: Nothing to be done for `main-build'.
make[1]: Leaving directory `/users/students/r0767980/Documents/DDP/SW/SW2/package/sw_project/project_sw/sw_design/Debug'
20:20:52 **** Incremental Build of configuration Debug for project sw_design ****
make pre-build main-build 
make[1]: Entering directory `/users/students/r0767980/Documents/DDP/SW/SW2/package/sw_project/project_sw/sw_design/Debug'
a9-linaro-pre-build-step
 
Building file: ../src/mp_arith.c
Invoking: ARM v7 gcc compiler
arm-none-eabi-gcc -Wall -O0 -g3 -c -fmessage-length=0 -MT"src/mp_arith.o" -mcpu=cortex-a9 -mfpu=vfpv3 -mfloat-abi=hard -I../../hw_bsp/ps7_cortexa9_0/include -MMD -MP -MF"src/mp_arith.d" -MT"src/mp_arith.o" -o "src/mp_arith.o" "../src/mp_arith.c"
../src/mp_arith.c: In function 'mp_add1':
../src/mp_arith.c:19:3: warning: implicit declaration of function 'xil_printf'; did you mean '__builtin_printf'? [-Wimplicit-function-declaration]
   xil_printf("addition 0x%x + 0x%x = 0x%x \n\r ", a[i], b[i], res[i]);
   ^~~~~~~~~~
   __builtin_printf
../src/mp_arith.c: In function 'mp_add':
../src/mp_arith.c:31:24: warning: suggest parentheses around comparison in operand of '^' [-Wparentheses]
   if ((a[i]+b[i]+carry)<2^32) carry=0;
       ~~~~~~~~~~~~~~~~~^~
../src/mp_arith.c: In function 'mp_sub':
../src/mp_arith.c:51:15: warning: suggest parentheses around arithmetic in operand of '^' [-Wparentheses]
    res[i]=2^32+res[i] ;
             ~~^~~~~~~
../src/mp_arith.c: In function 'mod_add':
../src/mp_arith.c:68:11: warning: unused variable 't' [-Wunused-variable]
  uint32_t t[32];
           ^
Finished building: ../src/mp_arith.c
 
Building target: sw_design.elf
Invoking: ARM v7 gcc linker
arm-none-eabi-gcc -mcpu=cortex-a9 -mfpu=vfpv3 -mfloat-abi=hard -Wl,-build-id=none -specs=Xilinx.spec -Wl,-T -Wl,../src/lscript.ld -L../../hw_bsp/ps7_cortexa9_0/lib -o "sw_design.elf"  ./src/platform/interface.o ./src/platform/platform.o  ./src/asm_func.o ./src/main.o ./src/montgomery.o ./src/mp_arith.o ./src/warmup.o   -Wl,--start-group,-lxil,-lgcc,-lc,--end-group
Finished building target: sw_design.elf
 
Invoking: ARM v7 Print Size
arm-none-eabi-size sw_design.elf  |tee "sw_design.elf.size"
   text	   data	    bss	    dec	    hex	filename
  77952	   2576	  23344	 103872	  195c0	sw_design.elf
Finished building: sw_design.elf.size
 
make[1]: Leaving directory `/users/students/r0767980/Documents/DDP/SW/SW2/package/sw_project/project_sw/sw_design/Debug'
20:20:55 **** Incremental Build of configuration Debug for project sw_design ****
make pre-build main-build 
make[1]: Entering directory `/users/students/r0767980/Documents/DDP/SW/SW2/package/sw_project/project_sw/sw_design/Debug'
a9-linaro-pre-build-step
 
make[1]: Nothing to be done for `main-build'.
make[1]: Leaving directory `/users/students/r0767980/Documents/DDP/SW/SW2/package/sw_project/project_sw/sw_design/Debug'
20:40:12 **** Incremental Build of configuration Debug for project sw_design ****
make pre-build main-build 
make[1]: Entering directory `/users/students/r0767980/Documents/DDP/SW/SW2/package/sw_project/project_sw/sw_design/Debug'
a9-linaro-pre-build-step
 
Building file: ../src/mp_arith.c
Invoking: ARM v7 gcc compiler
arm-none-eabi-gcc -Wall -O0 -g3 -c -fmessage-length=0 -MT"src/mp_arith.o" -mcpu=cortex-a9 -mfpu=vfpv3 -mfloat-abi=hard -I../../hw_bsp/ps7_cortexa9_0/include -MMD -MP -MF"src/mp_arith.d" -MT"src/mp_arith.o" -o "src/mp_arith.o" "../src/mp_arith.c"
../src/mp_arith.c: In function 'mp_add1':
../src/mp_arith.c:19:3: warning: implicit declaration of function 'xil_printf'; did you mean '__builtin_printf'? [-Wimplicit-function-declaration]
   xil_printf("addition 0x%x + 0x%x = 0x%x \n\r ", a[i], b[i], res[i]);
   ^~~~~~~~~~
   __builtin_printf
../src/mp_arith.c: In function 'mp_add':
../src/mp_arith.c:31:24: warning: suggest parentheses around comparison in operand of '^' [-Wparentheses]
   if ((a[i]+b[i]+carry)<2^32) carry=0;
       ~~~~~~~~~~~~~~~~~^~
../src/mp_arith.c: In function 'mp_sub':
../src/mp_arith.c:51:15: warning: suggest parentheses around arithmetic in operand of '^' [-Wparentheses]
    res[i]=2^32+res[i] ;
             ~~^~~~~~~
../src/mp_arith.c: In function 'mod_add':
../src/mp_arith.c:70:16: warning: passing argument 3 of 'mp_sub' from incompatible pointer type [-Wincompatible-pointer-types]
   mp_sub(res,N,&t, size);
                ^
../src/mp_arith.c:42:6: note: expected 'uint32_t * {aka long unsigned int *}' but argument is of type 'uint32_t (*)[32] {aka long unsigned int (*)[32]}'
 void mp_sub(uint32_t *a, uint32_t *b, uint32_t *res, uint32_t size)
      ^~~~~~
Finished building: ../src/mp_arith.c
 
Building target: sw_design.elf
Invoking: ARM v7 gcc linker
arm-none-eabi-gcc -mcpu=cortex-a9 -mfpu=vfpv3 -mfloat-abi=hard -Wl,-build-id=none -specs=Xilinx.spec -Wl,-T -Wl,../src/lscript.ld -L../../hw_bsp/ps7_cortexa9_0/lib -o "sw_design.elf"  ./src/platform/interface.o ./src/platform/platform.o  ./src/asm_func.o ./src/main.o ./src/montgomery.o ./src/mp_arith.o ./src/warmup.o   -Wl,--start-group,-lxil,-lgcc,-lc,--end-group
Finished building target: sw_design.elf
 
Invoking: ARM v7 Print Size
arm-none-eabi-size sw_design.elf  |tee "sw_design.elf.size"
   text	   data	    bss	    dec	    hex	filename
  77952	   2576	  23344	 103872	  195c0	sw_design.elf
Finished building: sw_design.elf.size
 
make[1]: Leaving directory `/users/students/r0767980/Documents/DDP/SW/SW2/package/sw_project/project_sw/sw_design/Debug'
20:40:21 **** Incremental Build of configuration Debug for project sw_design ****
make pre-build main-build 
make[1]: Entering directory `/users/students/r0767980/Documents/DDP/SW/SW2/package/sw_project/project_sw/sw_design/Debug'
a9-linaro-pre-build-step
 
make[1]: Nothing to be done for `main-build'.
make[1]: Leaving directory `/users/students/r0767980/Documents/DDP/SW/SW2/package/sw_project/project_sw/sw_design/Debug'
20:49:29 **** Incremental Build of configuration Debug for project sw_design ****
make pre-build main-build 
make[1]: Entering directory `/users/students/r0767980/Documents/DDP/SW/SW2/package/sw_project/project_sw/sw_design/Debug'
a9-linaro-pre-build-step
 
Building file: ../src/main.c
Invoking: ARM v7 gcc compiler
arm-none-eabi-gcc -Wall -O0 -g3 -c -fmessage-length=0 -MT"src/main.o" -mcpu=cortex-a9 -mfpu=vfpv3 -mfloat-abi=hard -I../../hw_bsp/ps7_cortexa9_0/include -MMD -MP -MF"src/main.d" -MT"src/main.o" -o "src/main.o" "../src/main.c"
../src/main.c: In function 'main':
../src/main.c:62:2: warning: implicit declaration of function 'mod_add' [-Wimplicit-function-declaration]
  mod_add(&a,&b,&N, &res, size);
  ^~~~~~~
Finished building: ../src/main.c
 
Building target: sw_design.elf
Invoking: ARM v7 gcc linker
arm-none-eabi-gcc -mcpu=cortex-a9 -mfpu=vfpv3 -mfloat-abi=hard -Wl,-build-id=none -specs=Xilinx.spec -Wl,-T -Wl,../src/lscript.ld -L../../hw_bsp/ps7_cortexa9_0/lib -o "sw_design.elf"  ./src/platform/interface.o ./src/platform/platform.o  ./src/asm_func.o ./src/main.o ./src/montgomery.o ./src/mp_arith.o ./src/warmup.o   -Wl,--start-group,-lxil,-lgcc,-lc,--end-group
Finished building target: sw_design.elf
 
Invoking: ARM v7 Print Size
arm-none-eabi-size sw_design.elf  |tee "sw_design.elf.size"
   text	   data	    bss	    dec	    hex	filename
  77960	   2576	  23344	 103880	  195c8	sw_design.elf
Finished building: sw_design.elf.size
 
make[1]: Leaving directory `/users/students/r0767980/Documents/DDP/SW/SW2/package/sw_project/project_sw/sw_design/Debug'
20:49:31 **** Incremental Build of configuration Debug for project sw_design ****
make pre-build main-build 
make[1]: Entering directory `/users/students/r0767980/Documents/DDP/SW/SW2/package/sw_project/project_sw/sw_design/Debug'
a9-linaro-pre-build-step
 
make[1]: Nothing to be done for `main-build'.
make[1]: Leaving directory `/users/students/r0767980/Documents/DDP/SW/SW2/package/sw_project/project_sw/sw_design/Debug'
20:49:56 **** Incremental Build of configuration Debug for project sw_design ****
make pre-build main-build 
make[1]: Entering directory `/users/students/r0767980/Documents/DDP/SW/SW2/package/sw_project/project_sw/sw_design/Debug'
a9-linaro-pre-build-step
 
Building file: ../src/mp_arith.c
Invoking: ARM v7 gcc compiler
arm-none-eabi-gcc -Wall -O0 -g3 -c -fmessage-length=0 -MT"src/mp_arith.o" -mcpu=cortex-a9 -mfpu=vfpv3 -mfloat-abi=hard -I../../hw_bsp/ps7_cortexa9_0/include -MMD -MP -MF"src/mp_arith.d" -MT"src/mp_arith.o" -o "src/mp_arith.o" "../src/mp_arith.c"
../src/mp_arith.c: In function 'mp_add1':
../src/mp_arith.c:19:3: warning: implicit declaration of function 'xil_printf'; did you mean '__builtin_printf'? [-Wimplicit-function-declaration]
   xil_printf("addition 0x%x + 0x%x = 0x%x \n\r ", a[i], b[i], res[i]);
   ^~~~~~~~~~
   __builtin_printf
../src/mp_arith.c: In function 'mp_add':
../src/mp_arith.c:31:24: warning: suggest parentheses around comparison in operand of '^' [-Wparentheses]
   if ((a[i]+b[i]+carry)<2^32) carry=0;
       ~~~~~~~~~~~~~~~~~^~
../src/mp_arith.c: In function 'mp_sub':
../src/mp_arith.c:51:15: warning: suggest parentheses around arithmetic in operand of '^' [-Wparentheses]
    res[i]=2^32+res[i] ;
             ~~^~~~~~~
../src/mp_arith.c: In function 'mod_add':
../src/mp_arith.c:70:16: warning: passing argument 3 of 'mp_sub' from incompatible pointer type [-Wincompatible-pointer-types]
   mp_sub(res,N,&t, size+1);
                ^
../src/mp_arith.c:42:6: note: expected 'uint32_t * {aka long unsigned int *}' but argument is of type 'uint32_t (*)[32] {aka long unsigned int (*)[32]}'
 void mp_sub(uint32_t *a, uint32_t *b, uint32_t *res, uint32_t size)
      ^~~~~~
Finished building: ../src/mp_arith.c
 
Building target: sw_design.elf
Invoking: ARM v7 gcc linker
arm-none-eabi-gcc -mcpu=cortex-a9 -mfpu=vfpv3 -mfloat-abi=hard -Wl,-build-id=none -specs=Xilinx.spec -Wl,-T -Wl,../src/lscript.ld -L../../hw_bsp/ps7_cortexa9_0/lib -o "sw_design.elf"  ./src/platform/interface.o ./src/platform/platform.o  ./src/asm_func.o ./src/main.o ./src/montgomery.o ./src/mp_arith.o ./src/warmup.o   -Wl,--start-group,-lxil,-lgcc,-lc,--end-group
Finished building target: sw_design.elf
 
Invoking: ARM v7 Print Size
arm-none-eabi-size sw_design.elf  |tee "sw_design.elf.size"
   text	   data	    bss	    dec	    hex	filename
  77960	   2576	  23344	 103880	  195c8	sw_design.elf
Finished building: sw_design.elf.size
 
make[1]: Leaving directory `/users/students/r0767980/Documents/DDP/SW/SW2/package/sw_project/project_sw/sw_design/Debug'
20:49:58 **** Incremental Build of configuration Debug for project sw_design ****
make pre-build main-build 
make[1]: Entering directory `/users/students/r0767980/Documents/DDP/SW/SW2/package/sw_project/project_sw/sw_design/Debug'
a9-linaro-pre-build-step
 
make[1]: Nothing to be done for `main-build'.
make[1]: Leaving directory `/users/students/r0767980/Documents/DDP/SW/SW2/package/sw_project/project_sw/sw_design/Debug'
20:51:20 **** Incremental Build of configuration Debug for project sw_design ****
make pre-build main-build 
make[1]: Entering directory `/users/students/r0767980/Documents/DDP/SW/SW2/package/sw_project/project_sw/sw_design/Debug'
a9-linaro-pre-build-step
 
Building file: ../src/mp_arith.c
Invoking: ARM v7 gcc compiler
arm-none-eabi-gcc -Wall -O0 -g3 -c -fmessage-length=0 -MT"src/mp_arith.o" -mcpu=cortex-a9 -mfpu=vfpv3 -mfloat-abi=hard -I../../hw_bsp/ps7_cortexa9_0/include -MMD -MP -MF"src/mp_arith.d" -MT"src/mp_arith.o" -o "src/mp_arith.o" "../src/mp_arith.c"
../src/mp_arith.c: In function 'mp_add1':
../src/mp_arith.c:19:3: warning: implicit declaration of function 'xil_printf'; did you mean '__builtin_printf'? [-Wimplicit-function-declaration]
   xil_printf("addition 0x%x + 0x%x = 0x%x \n\r ", a[i], b[i], res[i]);
   ^~~~~~~~~~
   __builtin_printf
../src/mp_arith.c: In function 'mp_add':
../src/mp_arith.c:31:24: warning: suggest parentheses around comparison in operand of '^' [-Wparentheses]
   if ((a[i]+b[i]+carry)<2^32) carry=0;
       ~~~~~~~~~~~~~~~~~^~
../src/mp_arith.c: In function 'mp_sub':
../src/mp_arith.c:51:15: warning: suggest parentheses around arithmetic in operand of '^' [-Wparentheses]
    res[i]=2^32+res[i] ;
             ~~^~~~~~~
../src/mp_arith.c: In function 'mod_add':
../src/mp_arith.c:70:16: warning: passing argument 3 of 'mp_sub' from incompatible pointer type [-Wincompatible-pointer-types]
   mp_sub(res,N,&t, size+1);
                ^
../src/mp_arith.c:42:6: note: expected 'uint32_t * {aka long unsigned int *}' but argument is of type 'uint32_t (*)[33] {aka long unsigned int (*)[33]}'
 void mp_sub(uint32_t *a, uint32_t *b, uint32_t *res, uint32_t size)
      ^~~~~~
Finished building: ../src/mp_arith.c
 
Building target: sw_design.elf
Invoking: ARM v7 gcc linker
arm-none-eabi-gcc -mcpu=cortex-a9 -mfpu=vfpv3 -mfloat-abi=hard -Wl,-build-id=none -specs=Xilinx.spec -Wl,-T -Wl,../src/lscript.ld -L../../hw_bsp/ps7_cortexa9_0/lib -o "sw_design.elf"  ./src/platform/interface.o ./src/platform/platform.o  ./src/asm_func.o ./src/main.o ./src/montgomery.o ./src/mp_arith.o ./src/warmup.o   -Wl,--start-group,-lxil,-lgcc,-lc,--end-group
Finished building target: sw_design.elf
 
Invoking: ARM v7 Print Size
arm-none-eabi-size sw_design.elf  |tee "sw_design.elf.size"
   text	   data	    bss	    dec	    hex	filename
  77960	   2576	  23344	 103880	  195c8	sw_design.elf
Finished building: sw_design.elf.size
 
make[1]: Leaving directory `/users/students/r0767980/Documents/DDP/SW/SW2/package/sw_project/project_sw/sw_design/Debug'
20:51:21 **** Incremental Build of configuration Debug for project sw_design ****
make pre-build main-build 
make[1]: Entering directory `/users/students/r0767980/Documents/DDP/SW/SW2/package/sw_project/project_sw/sw_design/Debug'
a9-linaro-pre-build-step
 
make[1]: Nothing to be done for `main-build'.
make[1]: Leaving directory `/users/students/r0767980/Documents/DDP/SW/SW2/package/sw_project/project_sw/sw_design/Debug'
20:55:03 **** Incremental Build of configuration Debug for project sw_design ****
make pre-build main-build 
make[1]: Entering directory `/users/students/r0767980/Documents/DDP/SW/SW2/package/sw_project/project_sw/sw_design/Debug'
a9-linaro-pre-build-step
 
Building file: ../src/main.c
Invoking: ARM v7 gcc compiler
arm-none-eabi-gcc -Wall -O0 -g3 -c -fmessage-length=0 -MT"src/main.o" -mcpu=cortex-a9 -mfpu=vfpv3 -mfloat-abi=hard -I../../hw_bsp/ps7_cortexa9_0/include -MMD -MP -MF"src/main.d" -MT"src/main.o" -o "src/main.o" "../src/main.c"
../src/main.c: In function 'main':
../src/main.c:62:2: warning: implicit declaration of function 'mod_add' [-Wimplicit-function-declaration]
  mod_add(&a,&b,&N, &res, size);
  ^~~~~~~
Finished building: ../src/main.c
 
Building file: ../src/mp_arith.c
Invoking: ARM v7 gcc compiler
arm-none-eabi-gcc -Wall -O0 -g3 -c -fmessage-length=0 -MT"src/mp_arith.o" -mcpu=cortex-a9 -mfpu=vfpv3 -mfloat-abi=hard -I../../hw_bsp/ps7_cortexa9_0/include -MMD -MP -MF"src/mp_arith.d" -MT"src/mp_arith.o" -o "src/mp_arith.o" "../src/mp_arith.c"
../src/mp_arith.c: In function 'mp_add1':
../src/mp_arith.c:19:3: warning: implicit declaration of function 'xil_printf'; did you mean '__builtin_printf'? [-Wimplicit-function-declaration]
   xil_printf("addition 0x%x + 0x%x = 0x%x \n\r ", a[i], b[i], res[i]);
   ^~~~~~~~~~
   __builtin_printf
../src/mp_arith.c: In function 'mp_add':
../src/mp_arith.c:31:24: warning: suggest parentheses around comparison in operand of '^' [-Wparentheses]
   if ((a[i]+b[i]+carry)<2^32) carry=0;
       ~~~~~~~~~~~~~~~~~^~
../src/mp_arith.c: In function 'mp_sub':
../src/mp_arith.c:51:17: warning: suggest parentheses around arithmetic in operand of '^' [-Wparentheses]
    res[i]=2^size+res[i] ;
             ~~~~^~~~~~~
../src/mp_arith.c: In function 'mod_add':
../src/mp_arith.c:71:16: warning: passing argument 3 of 'mp_sub' from incompatible pointer type [-Wincompatible-pointer-types]
   mp_sub(res,N,&t, size+1);
                ^
../src/mp_arith.c:42:6: note: expected 'uint32_t * {aka long unsigned int *}' but argument is of type 'uint32_t (*)[33] {aka long unsigned int (*)[33]}'
 void mp_sub(uint32_t *a, uint32_t *b, uint32_t *res, uint32_t size)
      ^~~~~~
Finished building: ../src/mp_arith.c
 
Building target: sw_design.elf
Invoking: ARM v7 gcc linker
arm-none-eabi-gcc -mcpu=cortex-a9 -mfpu=vfpv3 -mfloat-abi=hard -Wl,-build-id=none -specs=Xilinx.spec -Wl,-T -Wl,../src/lscript.ld -L../../hw_bsp/ps7_cortexa9_0/lib -o "sw_design.elf"  ./src/platform/interface.o ./src/platform/platform.o  ./src/asm_func.o ./src/main.o ./src/montgomery.o ./src/mp_arith.o ./src/warmup.o   -Wl,--start-group,-lxil,-lgcc,-lc,--end-group
Finished building target: sw_design.elf
 
Invoking: ARM v7 Print Size
arm-none-eabi-size sw_design.elf  |tee "sw_design.elf.size"
   text	   data	    bss	    dec	    hex	filename
  77960	   2576	  23344	 103880	  195c8	sw_design.elf
Finished building: sw_design.elf.size
 
make[1]: Leaving directory `/users/students/r0767980/Documents/DDP/SW/SW2/package/sw_project/project_sw/sw_design/Debug'
20:55:31 **** Incremental Build of configuration Debug for project sw_design ****
make pre-build main-build 
make[1]: Entering directory `/users/students/r0767980/Documents/DDP/SW/SW2/package/sw_project/project_sw/sw_design/Debug'
a9-linaro-pre-build-step
 
make[1]: Nothing to be done for `main-build'.
make[1]: Leaving directory `/users/students/r0767980/Documents/DDP/SW/SW2/package/sw_project/project_sw/sw_design/Debug'
20:55:32 **** Incremental Build of configuration Debug for project sw_design ****
make pre-build main-build 
make[1]: Entering directory `/users/students/r0767980/Documents/DDP/SW/SW2/package/sw_project/project_sw/sw_design/Debug'
a9-linaro-pre-build-step
 
make[1]: Nothing to be done for `main-build'.
make[1]: Leaving directory `/users/students/r0767980/Documents/DDP/SW/SW2/package/sw_project/project_sw/sw_design/Debug'
